// Jest Snapshot v1, https://goo.gl/fbAQLP

exports[`CircleContainer match to Snapshot 1`] = `
ShallowWrapper {
  Symbol(enzyme.__root__): [Circular],
  Symbol(enzyme.__unrendered__): <CircleContainer
    currentText={
      Object {
        "appTemp": "Temperatura odczuwalna",
        "cloudCov": "Zachmurzenie",
        "date": "Data",
        "dewPoint": "Punkt rosy",
        "humidity": "Wilgotność",
        "icon": "Ikona pogody",
        "location": "Nieznana lokacja",
        "moon": Array [
          "Nów",
          "Wschodzący sierp",
          "Pierwsza kwadra",
          "Wschodzący księżyc",
          "Pełnia",
          "Ubywający księżyc",
          "Trzecia kwadra",
          "Ubywający sierp",
        ],
        "moonphase": "Faza księżyca",
        "ozone": "Ozon",
        "precipInt": "Intensywność opadu",
        "precipProb": "Opady",
        "precipType": "Rodzaj opadu",
        "pressure": "Ciśnienie",
        "sun": "Słońce",
        "sunrise": "Wschód słońca",
        "sunset": "Zachód słońca",
        "today": "Dziś",
        "uvIndex": "Indeks UV",
        "visibility": "Widoczność",
        "wind": "Wiatr",
        "windGust": "Wiatr w porywach",
      }
    }
    currently={
      Object {
        "apparentTemperature": 6.53,
        "cloudCover": 0.92,
        "dewPoint": 8.45,
        "humidity": 0.94,
        "icon": "partly-cloudy-night",
        "ozone": 290.56,
        "precipIntensity": 0.0076,
        "precipProbability": 0.01,
        "precipType": "rain",
        "pressure": 1009.97,
        "summary": "Średnie zachmurzenie",
        "temperature": 9.38,
        "time": 1540834485,
        "uvIndex": 0,
        "visibility": 16.09,
        "windBearing": 99,
        "windGust": 10.76,
        "windSpeed": 5.76,
      }
    }
    units="si"
  />,
  Symbol(enzyme.__renderer__): Object {
    "batchedUpdates": [Function],
    "getNode": [Function],
    "render": [Function],
    "simulateError": [Function],
    "simulateEvent": [Function],
    "unmount": [Function],
  },
  Symbol(enzyme.__node__): Object {
    "instance": null,
    "key": undefined,
    "nodeType": "host",
    "props": Object {
      "children": <ul>
        <li>
          <DataCircle
            additionalData={null}
            data={94}
            text={
              Object {
                "appTemp": "Temperatura odczuwalna",
                "cloudCov": "Zachmurzenie",
                "date": "Data",
                "dewPoint": "Punkt rosy",
                "humidity": "Wilgotność",
                "icon": "Ikona pogody",
                "location": "Nieznana lokacja",
                "moon": Array [
                  "Nów",
                  "Wschodzący sierp",
                  "Pierwsza kwadra",
                  "Wschodzący księżyc",
                  "Pełnia",
                  "Ubywający księżyc",
                  "Trzecia kwadra",
                  "Ubywający sierp",
                ],
                "moonphase": "Faza księżyca",
                "ozone": "Ozon",
                "precipInt": "Intensywność opadu",
                "precipProb": "Opady",
                "precipType": "Rodzaj opadu",
                "pressure": "Ciśnienie",
                "sun": "Słońce",
                "sunrise": "Wschód słońca",
                "sunset": "Zachód słońca",
                "today": "Dziś",
                "uvIndex": "Indeks UV",
                "visibility": "Widoczność",
                "wind": "Wiatr",
                "windGust": "Wiatr w porywach",
              }
            }
            type="Wilgotność"
            unit="%"
          />
        </li>
        <li>
          <DataCircle
            additionalData={99}
            data={5.7}
            text={
              Object {
                "appTemp": "Temperatura odczuwalna",
                "cloudCov": "Zachmurzenie",
                "date": "Data",
                "dewPoint": "Punkt rosy",
                "humidity": "Wilgotność",
                "icon": "Ikona pogody",
                "location": "Nieznana lokacja",
                "moon": Array [
                  "Nów",
                  "Wschodzący sierp",
                  "Pierwsza kwadra",
                  "Wschodzący księżyc",
                  "Pełnia",
                  "Ubywający księżyc",
                  "Trzecia kwadra",
                  "Ubywający sierp",
                ],
                "moonphase": "Faza księżyca",
                "ozone": "Ozon",
                "precipInt": "Intensywność opadu",
                "precipProb": "Opady",
                "precipType": "Rodzaj opadu",
                "pressure": "Ciśnienie",
                "sun": "Słońce",
                "sunrise": "Wschód słońca",
                "sunset": "Zachód słońca",
                "today": "Dziś",
                "uvIndex": "Indeks UV",
                "visibility": "Widoczność",
                "wind": "Wiatr",
                "windGust": "Wiatr w porywach",
              }
            }
            type="Wiatr"
            unit="m/s"
          />
        </li>
        <li>
          <DataCircle
            additionalData={null}
            data={1}
            text={
              Object {
                "appTemp": "Temperatura odczuwalna",
                "cloudCov": "Zachmurzenie",
                "date": "Data",
                "dewPoint": "Punkt rosy",
                "humidity": "Wilgotność",
                "icon": "Ikona pogody",
                "location": "Nieznana lokacja",
                "moon": Array [
                  "Nów",
                  "Wschodzący sierp",
                  "Pierwsza kwadra",
                  "Wschodzący księżyc",
                  "Pełnia",
                  "Ubywający księżyc",
                  "Trzecia kwadra",
                  "Ubywający sierp",
                ],
                "moonphase": "Faza księżyca",
                "ozone": "Ozon",
                "precipInt": "Intensywność opadu",
                "precipProb": "Opady",
                "precipType": "Rodzaj opadu",
                "pressure": "Ciśnienie",
                "sun": "Słońce",
                "sunrise": "Wschód słońca",
                "sunset": "Zachód słońca",
                "today": "Dziś",
                "uvIndex": "Indeks UV",
                "visibility": "Widoczność",
                "wind": "Wiatr",
                "windGust": "Wiatr w porywach",
              }
            }
            type="Opady"
            unit="%"
          />
        </li>
        <li>
          <DataCircle
            additionalData={null}
            data={92}
            text={
              Object {
                "appTemp": "Temperatura odczuwalna",
                "cloudCov": "Zachmurzenie",
                "date": "Data",
                "dewPoint": "Punkt rosy",
                "humidity": "Wilgotność",
                "icon": "Ikona pogody",
                "location": "Nieznana lokacja",
                "moon": Array [
                  "Nów",
                  "Wschodzący sierp",
                  "Pierwsza kwadra",
                  "Wschodzący księżyc",
                  "Pełnia",
                  "Ubywający księżyc",
                  "Trzecia kwadra",
                  "Ubywający sierp",
                ],
                "moonphase": "Faza księżyca",
                "ozone": "Ozon",
                "precipInt": "Intensywność opadu",
                "precipProb": "Opady",
                "precipType": "Rodzaj opadu",
                "pressure": "Ciśnienie",
                "sun": "Słońce",
                "sunrise": "Wschód słońca",
                "sunset": "Zachód słońca",
                "today": "Dziś",
                "uvIndex": "Indeks UV",
                "visibility": "Widoczność",
                "wind": "Wiatr",
                "windGust": "Wiatr w porywach",
              }
            }
            type="Zachmurzenie"
            unit="%"
          />
        </li>
      </ul>,
      "className": "circleContainer",
    },
    "ref": null,
    "rendered": Object {
      "instance": null,
      "key": undefined,
      "nodeType": "host",
      "props": Object {
        "children": Array [
          <li>
            <DataCircle
              additionalData={null}
              data={94}
              text={
                Object {
                  "appTemp": "Temperatura odczuwalna",
                  "cloudCov": "Zachmurzenie",
                  "date": "Data",
                  "dewPoint": "Punkt rosy",
                  "humidity": "Wilgotność",
                  "icon": "Ikona pogody",
                  "location": "Nieznana lokacja",
                  "moon": Array [
                    "Nów",
                    "Wschodzący sierp",
                    "Pierwsza kwadra",
                    "Wschodzący księżyc",
                    "Pełnia",
                    "Ubywający księżyc",
                    "Trzecia kwadra",
                    "Ubywający sierp",
                  ],
                  "moonphase": "Faza księżyca",
                  "ozone": "Ozon",
                  "precipInt": "Intensywność opadu",
                  "precipProb": "Opady",
                  "precipType": "Rodzaj opadu",
                  "pressure": "Ciśnienie",
                  "sun": "Słońce",
                  "sunrise": "Wschód słońca",
                  "sunset": "Zachód słońca",
                  "today": "Dziś",
                  "uvIndex": "Indeks UV",
                  "visibility": "Widoczność",
                  "wind": "Wiatr",
                  "windGust": "Wiatr w porywach",
                }
              }
              type="Wilgotność"
              unit="%"
            />
          </li>,
          <li>
            <DataCircle
              additionalData={99}
              data={5.7}
              text={
                Object {
                  "appTemp": "Temperatura odczuwalna",
                  "cloudCov": "Zachmurzenie",
                  "date": "Data",
                  "dewPoint": "Punkt rosy",
                  "humidity": "Wilgotność",
                  "icon": "Ikona pogody",
                  "location": "Nieznana lokacja",
                  "moon": Array [
                    "Nów",
                    "Wschodzący sierp",
                    "Pierwsza kwadra",
                    "Wschodzący księżyc",
                    "Pełnia",
                    "Ubywający księżyc",
                    "Trzecia kwadra",
                    "Ubywający sierp",
                  ],
                  "moonphase": "Faza księżyca",
                  "ozone": "Ozon",
                  "precipInt": "Intensywność opadu",
                  "precipProb": "Opady",
                  "precipType": "Rodzaj opadu",
                  "pressure": "Ciśnienie",
                  "sun": "Słońce",
                  "sunrise": "Wschód słońca",
                  "sunset": "Zachód słońca",
                  "today": "Dziś",
                  "uvIndex": "Indeks UV",
                  "visibility": "Widoczność",
                  "wind": "Wiatr",
                  "windGust": "Wiatr w porywach",
                }
              }
              type="Wiatr"
              unit="m/s"
            />
          </li>,
          <li>
            <DataCircle
              additionalData={null}
              data={1}
              text={
                Object {
                  "appTemp": "Temperatura odczuwalna",
                  "cloudCov": "Zachmurzenie",
                  "date": "Data",
                  "dewPoint": "Punkt rosy",
                  "humidity": "Wilgotność",
                  "icon": "Ikona pogody",
                  "location": "Nieznana lokacja",
                  "moon": Array [
                    "Nów",
                    "Wschodzący sierp",
                    "Pierwsza kwadra",
                    "Wschodzący księżyc",
                    "Pełnia",
                    "Ubywający księżyc",
                    "Trzecia kwadra",
                    "Ubywający sierp",
                  ],
                  "moonphase": "Faza księżyca",
                  "ozone": "Ozon",
                  "precipInt": "Intensywność opadu",
                  "precipProb": "Opady",
                  "precipType": "Rodzaj opadu",
                  "pressure": "Ciśnienie",
                  "sun": "Słońce",
                  "sunrise": "Wschód słońca",
                  "sunset": "Zachód słońca",
                  "today": "Dziś",
                  "uvIndex": "Indeks UV",
                  "visibility": "Widoczność",
                  "wind": "Wiatr",
                  "windGust": "Wiatr w porywach",
                }
              }
              type="Opady"
              unit="%"
            />
          </li>,
          <li>
            <DataCircle
              additionalData={null}
              data={92}
              text={
                Object {
                  "appTemp": "Temperatura odczuwalna",
                  "cloudCov": "Zachmurzenie",
                  "date": "Data",
                  "dewPoint": "Punkt rosy",
                  "humidity": "Wilgotność",
                  "icon": "Ikona pogody",
                  "location": "Nieznana lokacja",
                  "moon": Array [
                    "Nów",
                    "Wschodzący sierp",
                    "Pierwsza kwadra",
                    "Wschodzący księżyc",
                    "Pełnia",
                    "Ubywający księżyc",
                    "Trzecia kwadra",
                    "Ubywający sierp",
                  ],
                  "moonphase": "Faza księżyca",
                  "ozone": "Ozon",
                  "precipInt": "Intensywność opadu",
                  "precipProb": "Opady",
                  "precipType": "Rodzaj opadu",
                  "pressure": "Ciśnienie",
                  "sun": "Słońce",
                  "sunrise": "Wschód słońca",
                  "sunset": "Zachód słońca",
                  "today": "Dziś",
                  "uvIndex": "Indeks UV",
                  "visibility": "Widoczność",
                  "wind": "Wiatr",
                  "windGust": "Wiatr w porywach",
                }
              }
              type="Zachmurzenie"
              unit="%"
            />
          </li>,
        ],
      },
      "ref": null,
      "rendered": Array [
        Object {
          "instance": null,
          "key": undefined,
          "nodeType": "host",
          "props": Object {
            "children": <DataCircle
              additionalData={null}
              data={94}
              text={
                Object {
                  "appTemp": "Temperatura odczuwalna",
                  "cloudCov": "Zachmurzenie",
                  "date": "Data",
                  "dewPoint": "Punkt rosy",
                  "humidity": "Wilgotność",
                  "icon": "Ikona pogody",
                  "location": "Nieznana lokacja",
                  "moon": Array [
                    "Nów",
                    "Wschodzący sierp",
                    "Pierwsza kwadra",
                    "Wschodzący księżyc",
                    "Pełnia",
                    "Ubywający księżyc",
                    "Trzecia kwadra",
                    "Ubywający sierp",
                  ],
                  "moonphase": "Faza księżyca",
                  "ozone": "Ozon",
                  "precipInt": "Intensywność opadu",
                  "precipProb": "Opady",
                  "precipType": "Rodzaj opadu",
                  "pressure": "Ciśnienie",
                  "sun": "Słońce",
                  "sunrise": "Wschód słońca",
                  "sunset": "Zachód słońca",
                  "today": "Dziś",
                  "uvIndex": "Indeks UV",
                  "visibility": "Widoczność",
                  "wind": "Wiatr",
                  "windGust": "Wiatr w porywach",
                }
              }
              type="Wilgotność"
              unit="%"
            />,
          },
          "ref": null,
          "rendered": Object {
            "instance": null,
            "key": undefined,
            "nodeType": "function",
            "props": Object {
              "additionalData": null,
              "data": 94,
              "text": Object {
                "appTemp": "Temperatura odczuwalna",
                "cloudCov": "Zachmurzenie",
                "date": "Data",
                "dewPoint": "Punkt rosy",
                "humidity": "Wilgotność",
                "icon": "Ikona pogody",
                "location": "Nieznana lokacja",
                "moon": Array [
                  "Nów",
                  "Wschodzący sierp",
                  "Pierwsza kwadra",
                  "Wschodzący księżyc",
                  "Pełnia",
                  "Ubywający księżyc",
                  "Trzecia kwadra",
                  "Ubywający sierp",
                ],
                "moonphase": "Faza księżyca",
                "ozone": "Ozon",
                "precipInt": "Intensywność opadu",
                "precipProb": "Opady",
                "precipType": "Rodzaj opadu",
                "pressure": "Ciśnienie",
                "sun": "Słońce",
                "sunrise": "Wschód słońca",
                "sunset": "Zachód słońca",
                "today": "Dziś",
                "uvIndex": "Indeks UV",
                "visibility": "Widoczność",
                "wind": "Wiatr",
                "windGust": "Wiatr w porywach",
              },
              "type": "Wilgotność",
              "unit": "%",
            },
            "ref": null,
            "rendered": null,
            "type": [Function],
          },
          "type": "li",
        },
        Object {
          "instance": null,
          "key": undefined,
          "nodeType": "host",
          "props": Object {
            "children": <DataCircle
              additionalData={99}
              data={5.7}
              text={
                Object {
                  "appTemp": "Temperatura odczuwalna",
                  "cloudCov": "Zachmurzenie",
                  "date": "Data",
                  "dewPoint": "Punkt rosy",
                  "humidity": "Wilgotność",
                  "icon": "Ikona pogody",
                  "location": "Nieznana lokacja",
                  "moon": Array [
                    "Nów",
                    "Wschodzący sierp",
                    "Pierwsza kwadra",
                    "Wschodzący księżyc",
                    "Pełnia",
                    "Ubywający księżyc",
                    "Trzecia kwadra",
                    "Ubywający sierp",
                  ],
                  "moonphase": "Faza księżyca",
                  "ozone": "Ozon",
                  "precipInt": "Intensywność opadu",
                  "precipProb": "Opady",
                  "precipType": "Rodzaj opadu",
                  "pressure": "Ciśnienie",
                  "sun": "Słońce",
                  "sunrise": "Wschód słońca",
                  "sunset": "Zachód słońca",
                  "today": "Dziś",
                  "uvIndex": "Indeks UV",
                  "visibility": "Widoczność",
                  "wind": "Wiatr",
                  "windGust": "Wiatr w porywach",
                }
              }
              type="Wiatr"
              unit="m/s"
            />,
          },
          "ref": null,
          "rendered": Object {
            "instance": null,
            "key": undefined,
            "nodeType": "function",
            "props": Object {
              "additionalData": 99,
              "data": 5.7,
              "text": Object {
                "appTemp": "Temperatura odczuwalna",
                "cloudCov": "Zachmurzenie",
                "date": "Data",
                "dewPoint": "Punkt rosy",
                "humidity": "Wilgotność",
                "icon": "Ikona pogody",
                "location": "Nieznana lokacja",
                "moon": Array [
                  "Nów",
                  "Wschodzący sierp",
                  "Pierwsza kwadra",
                  "Wschodzący księżyc",
                  "Pełnia",
                  "Ubywający księżyc",
                  "Trzecia kwadra",
                  "Ubywający sierp",
                ],
                "moonphase": "Faza księżyca",
                "ozone": "Ozon",
                "precipInt": "Intensywność opadu",
                "precipProb": "Opady",
                "precipType": "Rodzaj opadu",
                "pressure": "Ciśnienie",
                "sun": "Słońce",
                "sunrise": "Wschód słońca",
                "sunset": "Zachód słońca",
                "today": "Dziś",
                "uvIndex": "Indeks UV",
                "visibility": "Widoczność",
                "wind": "Wiatr",
                "windGust": "Wiatr w porywach",
              },
              "type": "Wiatr",
              "unit": "m/s",
            },
            "ref": null,
            "rendered": null,
            "type": [Function],
          },
          "type": "li",
        },
        Object {
          "instance": null,
          "key": undefined,
          "nodeType": "host",
          "props": Object {
            "children": <DataCircle
              additionalData={null}
              data={1}
              text={
                Object {
                  "appTemp": "Temperatura odczuwalna",
                  "cloudCov": "Zachmurzenie",
                  "date": "Data",
                  "dewPoint": "Punkt rosy",
                  "humidity": "Wilgotność",
                  "icon": "Ikona pogody",
                  "location": "Nieznana lokacja",
                  "moon": Array [
                    "Nów",
                    "Wschodzący sierp",
                    "Pierwsza kwadra",
                    "Wschodzący księżyc",
                    "Pełnia",
                    "Ubywający księżyc",
                    "Trzecia kwadra",
                    "Ubywający sierp",
                  ],
                  "moonphase": "Faza księżyca",
                  "ozone": "Ozon",
                  "precipInt": "Intensywność opadu",
                  "precipProb": "Opady",
                  "precipType": "Rodzaj opadu",
                  "pressure": "Ciśnienie",
                  "sun": "Słońce",
                  "sunrise": "Wschód słońca",
                  "sunset": "Zachód słońca",
                  "today": "Dziś",
                  "uvIndex": "Indeks UV",
                  "visibility": "Widoczność",
                  "wind": "Wiatr",
                  "windGust": "Wiatr w porywach",
                }
              }
              type="Opady"
              unit="%"
            />,
          },
          "ref": null,
          "rendered": Object {
            "instance": null,
            "key": undefined,
            "nodeType": "function",
            "props": Object {
              "additionalData": null,
              "data": 1,
              "text": Object {
                "appTemp": "Temperatura odczuwalna",
                "cloudCov": "Zachmurzenie",
                "date": "Data",
                "dewPoint": "Punkt rosy",
                "humidity": "Wilgotność",
                "icon": "Ikona pogody",
                "location": "Nieznana lokacja",
                "moon": Array [
                  "Nów",
                  "Wschodzący sierp",
                  "Pierwsza kwadra",
                  "Wschodzący księżyc",
                  "Pełnia",
                  "Ubywający księżyc",
                  "Trzecia kwadra",
                  "Ubywający sierp",
                ],
                "moonphase": "Faza księżyca",
                "ozone": "Ozon",
                "precipInt": "Intensywność opadu",
                "precipProb": "Opady",
                "precipType": "Rodzaj opadu",
                "pressure": "Ciśnienie",
                "sun": "Słońce",
                "sunrise": "Wschód słońca",
                "sunset": "Zachód słońca",
                "today": "Dziś",
                "uvIndex": "Indeks UV",
                "visibility": "Widoczność",
                "wind": "Wiatr",
                "windGust": "Wiatr w porywach",
              },
              "type": "Opady",
              "unit": "%",
            },
            "ref": null,
            "rendered": null,
            "type": [Function],
          },
          "type": "li",
        },
        Object {
          "instance": null,
          "key": undefined,
          "nodeType": "host",
          "props": Object {
            "children": <DataCircle
              additionalData={null}
              data={92}
              text={
                Object {
                  "appTemp": "Temperatura odczuwalna",
                  "cloudCov": "Zachmurzenie",
                  "date": "Data",
                  "dewPoint": "Punkt rosy",
                  "humidity": "Wilgotność",
                  "icon": "Ikona pogody",
                  "location": "Nieznana lokacja",
                  "moon": Array [
                    "Nów",
                    "Wschodzący sierp",
                    "Pierwsza kwadra",
                    "Wschodzący księżyc",
                    "Pełnia",
                    "Ubywający księżyc",
                    "Trzecia kwadra",
                    "Ubywający sierp",
                  ],
                  "moonphase": "Faza księżyca",
                  "ozone": "Ozon",
                  "precipInt": "Intensywność opadu",
                  "precipProb": "Opady",
                  "precipType": "Rodzaj opadu",
                  "pressure": "Ciśnienie",
                  "sun": "Słońce",
                  "sunrise": "Wschód słońca",
                  "sunset": "Zachód słońca",
                  "today": "Dziś",
                  "uvIndex": "Indeks UV",
                  "visibility": "Widoczność",
                  "wind": "Wiatr",
                  "windGust": "Wiatr w porywach",
                }
              }
              type="Zachmurzenie"
              unit="%"
            />,
          },
          "ref": null,
          "rendered": Object {
            "instance": null,
            "key": undefined,
            "nodeType": "function",
            "props": Object {
              "additionalData": null,
              "data": 92,
              "text": Object {
                "appTemp": "Temperatura odczuwalna",
                "cloudCov": "Zachmurzenie",
                "date": "Data",
                "dewPoint": "Punkt rosy",
                "humidity": "Wilgotność",
                "icon": "Ikona pogody",
                "location": "Nieznana lokacja",
                "moon": Array [
                  "Nów",
                  "Wschodzący sierp",
                  "Pierwsza kwadra",
                  "Wschodzący księżyc",
                  "Pełnia",
                  "Ubywający księżyc",
                  "Trzecia kwadra",
                  "Ubywający sierp",
                ],
                "moonphase": "Faza księżyca",
                "ozone": "Ozon",
                "precipInt": "Intensywność opadu",
                "precipProb": "Opady",
                "precipType": "Rodzaj opadu",
                "pressure": "Ciśnienie",
                "sun": "Słońce",
                "sunrise": "Wschód słońca",
                "sunset": "Zachód słońca",
                "today": "Dziś",
                "uvIndex": "Indeks UV",
                "visibility": "Widoczność",
                "wind": "Wiatr",
                "windGust": "Wiatr w porywach",
              },
              "type": "Zachmurzenie",
              "unit": "%",
            },
            "ref": null,
            "rendered": null,
            "type": [Function],
          },
          "type": "li",
        },
      ],
      "type": "ul",
    },
    "type": "div",
  },
  Symbol(enzyme.__nodes__): Array [
    Object {
      "instance": null,
      "key": undefined,
      "nodeType": "host",
      "props": Object {
        "children": <ul>
          <li>
            <DataCircle
              additionalData={null}
              data={94}
              text={
                Object {
                  "appTemp": "Temperatura odczuwalna",
                  "cloudCov": "Zachmurzenie",
                  "date": "Data",
                  "dewPoint": "Punkt rosy",
                  "humidity": "Wilgotność",
                  "icon": "Ikona pogody",
                  "location": "Nieznana lokacja",
                  "moon": Array [
                    "Nów",
                    "Wschodzący sierp",
                    "Pierwsza kwadra",
                    "Wschodzący księżyc",
                    "Pełnia",
                    "Ubywający księżyc",
                    "Trzecia kwadra",
                    "Ubywający sierp",
                  ],
                  "moonphase": "Faza księżyca",
                  "ozone": "Ozon",
                  "precipInt": "Intensywność opadu",
                  "precipProb": "Opady",
                  "precipType": "Rodzaj opadu",
                  "pressure": "Ciśnienie",
                  "sun": "Słońce",
                  "sunrise": "Wschód słońca",
                  "sunset": "Zachód słońca",
                  "today": "Dziś",
                  "uvIndex": "Indeks UV",
                  "visibility": "Widoczność",
                  "wind": "Wiatr",
                  "windGust": "Wiatr w porywach",
                }
              }
              type="Wilgotność"
              unit="%"
            />
          </li>
          <li>
            <DataCircle
              additionalData={99}
              data={5.7}
              text={
                Object {
                  "appTemp": "Temperatura odczuwalna",
                  "cloudCov": "Zachmurzenie",
                  "date": "Data",
                  "dewPoint": "Punkt rosy",
                  "humidity": "Wilgotność",
                  "icon": "Ikona pogody",
                  "location": "Nieznana lokacja",
                  "moon": Array [
                    "Nów",
                    "Wschodzący sierp",
                    "Pierwsza kwadra",
                    "Wschodzący księżyc",
                    "Pełnia",
                    "Ubywający księżyc",
                    "Trzecia kwadra",
                    "Ubywający sierp",
                  ],
                  "moonphase": "Faza księżyca",
                  "ozone": "Ozon",
                  "precipInt": "Intensywność opadu",
                  "precipProb": "Opady",
                  "precipType": "Rodzaj opadu",
                  "pressure": "Ciśnienie",
                  "sun": "Słońce",
                  "sunrise": "Wschód słońca",
                  "sunset": "Zachód słońca",
                  "today": "Dziś",
                  "uvIndex": "Indeks UV",
                  "visibility": "Widoczność",
                  "wind": "Wiatr",
                  "windGust": "Wiatr w porywach",
                }
              }
              type="Wiatr"
              unit="m/s"
            />
          </li>
          <li>
            <DataCircle
              additionalData={null}
              data={1}
              text={
                Object {
                  "appTemp": "Temperatura odczuwalna",
                  "cloudCov": "Zachmurzenie",
                  "date": "Data",
                  "dewPoint": "Punkt rosy",
                  "humidity": "Wilgotność",
                  "icon": "Ikona pogody",
                  "location": "Nieznana lokacja",
                  "moon": Array [
                    "Nów",
                    "Wschodzący sierp",
                    "Pierwsza kwadra",
                    "Wschodzący księżyc",
                    "Pełnia",
                    "Ubywający księżyc",
                    "Trzecia kwadra",
                    "Ubywający sierp",
                  ],
                  "moonphase": "Faza księżyca",
                  "ozone": "Ozon",
                  "precipInt": "Intensywność opadu",
                  "precipProb": "Opady",
                  "precipType": "Rodzaj opadu",
                  "pressure": "Ciśnienie",
                  "sun": "Słońce",
                  "sunrise": "Wschód słońca",
                  "sunset": "Zachód słońca",
                  "today": "Dziś",
                  "uvIndex": "Indeks UV",
                  "visibility": "Widoczność",
                  "wind": "Wiatr",
                  "windGust": "Wiatr w porywach",
                }
              }
              type="Opady"
              unit="%"
            />
          </li>
          <li>
            <DataCircle
              additionalData={null}
              data={92}
              text={
                Object {
                  "appTemp": "Temperatura odczuwalna",
                  "cloudCov": "Zachmurzenie",
                  "date": "Data",
                  "dewPoint": "Punkt rosy",
                  "humidity": "Wilgotność",
                  "icon": "Ikona pogody",
                  "location": "Nieznana lokacja",
                  "moon": Array [
                    "Nów",
                    "Wschodzący sierp",
                    "Pierwsza kwadra",
                    "Wschodzący księżyc",
                    "Pełnia",
                    "Ubywający księżyc",
                    "Trzecia kwadra",
                    "Ubywający sierp",
                  ],
                  "moonphase": "Faza księżyca",
                  "ozone": "Ozon",
                  "precipInt": "Intensywność opadu",
                  "precipProb": "Opady",
                  "precipType": "Rodzaj opadu",
                  "pressure": "Ciśnienie",
                  "sun": "Słońce",
                  "sunrise": "Wschód słońca",
                  "sunset": "Zachód słońca",
                  "today": "Dziś",
                  "uvIndex": "Indeks UV",
                  "visibility": "Widoczność",
                  "wind": "Wiatr",
                  "windGust": "Wiatr w porywach",
                }
              }
              type="Zachmurzenie"
              unit="%"
            />
          </li>
        </ul>,
        "className": "circleContainer",
      },
      "ref": null,
      "rendered": Object {
        "instance": null,
        "key": undefined,
        "nodeType": "host",
        "props": Object {
          "children": Array [
            <li>
              <DataCircle
                additionalData={null}
                data={94}
                text={
                  Object {
                    "appTemp": "Temperatura odczuwalna",
                    "cloudCov": "Zachmurzenie",
                    "date": "Data",
                    "dewPoint": "Punkt rosy",
                    "humidity": "Wilgotność",
                    "icon": "Ikona pogody",
                    "location": "Nieznana lokacja",
                    "moon": Array [
                      "Nów",
                      "Wschodzący sierp",
                      "Pierwsza kwadra",
                      "Wschodzący księżyc",
                      "Pełnia",
                      "Ubywający księżyc",
                      "Trzecia kwadra",
                      "Ubywający sierp",
                    ],
                    "moonphase": "Faza księżyca",
                    "ozone": "Ozon",
                    "precipInt": "Intensywność opadu",
                    "precipProb": "Opady",
                    "precipType": "Rodzaj opadu",
                    "pressure": "Ciśnienie",
                    "sun": "Słońce",
                    "sunrise": "Wschód słońca",
                    "sunset": "Zachód słońca",
                    "today": "Dziś",
                    "uvIndex": "Indeks UV",
                    "visibility": "Widoczność",
                    "wind": "Wiatr",
                    "windGust": "Wiatr w porywach",
                  }
                }
                type="Wilgotność"
                unit="%"
              />
            </li>,
            <li>
              <DataCircle
                additionalData={99}
                data={5.7}
                text={
                  Object {
                    "appTemp": "Temperatura odczuwalna",
                    "cloudCov": "Zachmurzenie",
                    "date": "Data",
                    "dewPoint": "Punkt rosy",
                    "humidity": "Wilgotność",
                    "icon": "Ikona pogody",
                    "location": "Nieznana lokacja",
                    "moon": Array [
                      "Nów",
                      "Wschodzący sierp",
                      "Pierwsza kwadra",
                      "Wschodzący księżyc",
                      "Pełnia",
                      "Ubywający księżyc",
                      "Trzecia kwadra",
                      "Ubywający sierp",
                    ],
                    "moonphase": "Faza księżyca",
                    "ozone": "Ozon",
                    "precipInt": "Intensywność opadu",
                    "precipProb": "Opady",
                    "precipType": "Rodzaj opadu",
                    "pressure": "Ciśnienie",
                    "sun": "Słońce",
                    "sunrise": "Wschód słońca",
                    "sunset": "Zachód słońca",
                    "today": "Dziś",
                    "uvIndex": "Indeks UV",
                    "visibility": "Widoczność",
                    "wind": "Wiatr",
                    "windGust": "Wiatr w porywach",
                  }
                }
                type="Wiatr"
                unit="m/s"
              />
            </li>,
            <li>
              <DataCircle
                additionalData={null}
                data={1}
                text={
                  Object {
                    "appTemp": "Temperatura odczuwalna",
                    "cloudCov": "Zachmurzenie",
                    "date": "Data",
                    "dewPoint": "Punkt rosy",
                    "humidity": "Wilgotność",
                    "icon": "Ikona pogody",
                    "location": "Nieznana lokacja",
                    "moon": Array [
                      "Nów",
                      "Wschodzący sierp",
                      "Pierwsza kwadra",
                      "Wschodzący księżyc",
                      "Pełnia",
                      "Ubywający księżyc",
                      "Trzecia kwadra",
                      "Ubywający sierp",
                    ],
                    "moonphase": "Faza księżyca",
                    "ozone": "Ozon",
                    "precipInt": "Intensywność opadu",
                    "precipProb": "Opady",
                    "precipType": "Rodzaj opadu",
                    "pressure": "Ciśnienie",
                    "sun": "Słońce",
                    "sunrise": "Wschód słońca",
                    "sunset": "Zachód słońca",
                    "today": "Dziś",
                    "uvIndex": "Indeks UV",
                    "visibility": "Widoczność",
                    "wind": "Wiatr",
                    "windGust": "Wiatr w porywach",
                  }
                }
                type="Opady"
                unit="%"
              />
            </li>,
            <li>
              <DataCircle
                additionalData={null}
                data={92}
                text={
                  Object {
                    "appTemp": "Temperatura odczuwalna",
                    "cloudCov": "Zachmurzenie",
                    "date": "Data",
                    "dewPoint": "Punkt rosy",
                    "humidity": "Wilgotność",
                    "icon": "Ikona pogody",
                    "location": "Nieznana lokacja",
                    "moon": Array [
                      "Nów",
                      "Wschodzący sierp",
                      "Pierwsza kwadra",
                      "Wschodzący księżyc",
                      "Pełnia",
                      "Ubywający księżyc",
                      "Trzecia kwadra",
                      "Ubywający sierp",
                    ],
                    "moonphase": "Faza księżyca",
                    "ozone": "Ozon",
                    "precipInt": "Intensywność opadu",
                    "precipProb": "Opady",
                    "precipType": "Rodzaj opadu",
                    "pressure": "Ciśnienie",
                    "sun": "Słońce",
                    "sunrise": "Wschód słońca",
                    "sunset": "Zachód słońca",
                    "today": "Dziś",
                    "uvIndex": "Indeks UV",
                    "visibility": "Widoczność",
                    "wind": "Wiatr",
                    "windGust": "Wiatr w porywach",
                  }
                }
                type="Zachmurzenie"
                unit="%"
              />
            </li>,
          ],
        },
        "ref": null,
        "rendered": Array [
          Object {
            "instance": null,
            "key": undefined,
            "nodeType": "host",
            "props": Object {
              "children": <DataCircle
                additionalData={null}
                data={94}
                text={
                  Object {
                    "appTemp": "Temperatura odczuwalna",
                    "cloudCov": "Zachmurzenie",
                    "date": "Data",
                    "dewPoint": "Punkt rosy",
                    "humidity": "Wilgotność",
                    "icon": "Ikona pogody",
                    "location": "Nieznana lokacja",
                    "moon": Array [
                      "Nów",
                      "Wschodzący sierp",
                      "Pierwsza kwadra",
                      "Wschodzący księżyc",
                      "Pełnia",
                      "Ubywający księżyc",
                      "Trzecia kwadra",
                      "Ubywający sierp",
                    ],
                    "moonphase": "Faza księżyca",
                    "ozone": "Ozon",
                    "precipInt": "Intensywność opadu",
                    "precipProb": "Opady",
                    "precipType": "Rodzaj opadu",
                    "pressure": "Ciśnienie",
                    "sun": "Słońce",
                    "sunrise": "Wschód słońca",
                    "sunset": "Zachód słońca",
                    "today": "Dziś",
                    "uvIndex": "Indeks UV",
                    "visibility": "Widoczność",
                    "wind": "Wiatr",
                    "windGust": "Wiatr w porywach",
                  }
                }
                type="Wilgotność"
                unit="%"
              />,
            },
            "ref": null,
            "rendered": Object {
              "instance": null,
              "key": undefined,
              "nodeType": "function",
              "props": Object {
                "additionalData": null,
                "data": 94,
                "text": Object {
                  "appTemp": "Temperatura odczuwalna",
                  "cloudCov": "Zachmurzenie",
                  "date": "Data",
                  "dewPoint": "Punkt rosy",
                  "humidity": "Wilgotność",
                  "icon": "Ikona pogody",
                  "location": "Nieznana lokacja",
                  "moon": Array [
                    "Nów",
                    "Wschodzący sierp",
                    "Pierwsza kwadra",
                    "Wschodzący księżyc",
                    "Pełnia",
                    "Ubywający księżyc",
                    "Trzecia kwadra",
                    "Ubywający sierp",
                  ],
                  "moonphase": "Faza księżyca",
                  "ozone": "Ozon",
                  "precipInt": "Intensywność opadu",
                  "precipProb": "Opady",
                  "precipType": "Rodzaj opadu",
                  "pressure": "Ciśnienie",
                  "sun": "Słońce",
                  "sunrise": "Wschód słońca",
                  "sunset": "Zachód słońca",
                  "today": "Dziś",
                  "uvIndex": "Indeks UV",
                  "visibility": "Widoczność",
                  "wind": "Wiatr",
                  "windGust": "Wiatr w porywach",
                },
                "type": "Wilgotność",
                "unit": "%",
              },
              "ref": null,
              "rendered": null,
              "type": [Function],
            },
            "type": "li",
          },
          Object {
            "instance": null,
            "key": undefined,
            "nodeType": "host",
            "props": Object {
              "children": <DataCircle
                additionalData={99}
                data={5.7}
                text={
                  Object {
                    "appTemp": "Temperatura odczuwalna",
                    "cloudCov": "Zachmurzenie",
                    "date": "Data",
                    "dewPoint": "Punkt rosy",
                    "humidity": "Wilgotność",
                    "icon": "Ikona pogody",
                    "location": "Nieznana lokacja",
                    "moon": Array [
                      "Nów",
                      "Wschodzący sierp",
                      "Pierwsza kwadra",
                      "Wschodzący księżyc",
                      "Pełnia",
                      "Ubywający księżyc",
                      "Trzecia kwadra",
                      "Ubywający sierp",
                    ],
                    "moonphase": "Faza księżyca",
                    "ozone": "Ozon",
                    "precipInt": "Intensywność opadu",
                    "precipProb": "Opady",
                    "precipType": "Rodzaj opadu",
                    "pressure": "Ciśnienie",
                    "sun": "Słońce",
                    "sunrise": "Wschód słońca",
                    "sunset": "Zachód słońca",
                    "today": "Dziś",
                    "uvIndex": "Indeks UV",
                    "visibility": "Widoczność",
                    "wind": "Wiatr",
                    "windGust": "Wiatr w porywach",
                  }
                }
                type="Wiatr"
                unit="m/s"
              />,
            },
            "ref": null,
            "rendered": Object {
              "instance": null,
              "key": undefined,
              "nodeType": "function",
              "props": Object {
                "additionalData": 99,
                "data": 5.7,
                "text": Object {
                  "appTemp": "Temperatura odczuwalna",
                  "cloudCov": "Zachmurzenie",
                  "date": "Data",
                  "dewPoint": "Punkt rosy",
                  "humidity": "Wilgotność",
                  "icon": "Ikona pogody",
                  "location": "Nieznana lokacja",
                  "moon": Array [
                    "Nów",
                    "Wschodzący sierp",
                    "Pierwsza kwadra",
                    "Wschodzący księżyc",
                    "Pełnia",
                    "Ubywający księżyc",
                    "Trzecia kwadra",
                    "Ubywający sierp",
                  ],
                  "moonphase": "Faza księżyca",
                  "ozone": "Ozon",
                  "precipInt": "Intensywność opadu",
                  "precipProb": "Opady",
                  "precipType": "Rodzaj opadu",
                  "pressure": "Ciśnienie",
                  "sun": "Słońce",
                  "sunrise": "Wschód słońca",
                  "sunset": "Zachód słońca",
                  "today": "Dziś",
                  "uvIndex": "Indeks UV",
                  "visibility": "Widoczność",
                  "wind": "Wiatr",
                  "windGust": "Wiatr w porywach",
                },
                "type": "Wiatr",
                "unit": "m/s",
              },
              "ref": null,
              "rendered": null,
              "type": [Function],
            },
            "type": "li",
          },
          Object {
            "instance": null,
            "key": undefined,
            "nodeType": "host",
            "props": Object {
              "children": <DataCircle
                additionalData={null}
                data={1}
                text={
                  Object {
                    "appTemp": "Temperatura odczuwalna",
                    "cloudCov": "Zachmurzenie",
                    "date": "Data",
                    "dewPoint": "Punkt rosy",
                    "humidity": "Wilgotność",
                    "icon": "Ikona pogody",
                    "location": "Nieznana lokacja",
                    "moon": Array [
                      "Nów",
                      "Wschodzący sierp",
                      "Pierwsza kwadra",
                      "Wschodzący księżyc",
                      "Pełnia",
                      "Ubywający księżyc",
                      "Trzecia kwadra",
                      "Ubywający sierp",
                    ],
                    "moonphase": "Faza księżyca",
                    "ozone": "Ozon",
                    "precipInt": "Intensywność opadu",
                    "precipProb": "Opady",
                    "precipType": "Rodzaj opadu",
                    "pressure": "Ciśnienie",
                    "sun": "Słońce",
                    "sunrise": "Wschód słońca",
                    "sunset": "Zachód słońca",
                    "today": "Dziś",
                    "uvIndex": "Indeks UV",
                    "visibility": "Widoczność",
                    "wind": "Wiatr",
                    "windGust": "Wiatr w porywach",
                  }
                }
                type="Opady"
                unit="%"
              />,
            },
            "ref": null,
            "rendered": Object {
              "instance": null,
              "key": undefined,
              "nodeType": "function",
              "props": Object {
                "additionalData": null,
                "data": 1,
                "text": Object {
                  "appTemp": "Temperatura odczuwalna",
                  "cloudCov": "Zachmurzenie",
                  "date": "Data",
                  "dewPoint": "Punkt rosy",
                  "humidity": "Wilgotność",
                  "icon": "Ikona pogody",
                  "location": "Nieznana lokacja",
                  "moon": Array [
                    "Nów",
                    "Wschodzący sierp",
                    "Pierwsza kwadra",
                    "Wschodzący księżyc",
                    "Pełnia",
                    "Ubywający księżyc",
                    "Trzecia kwadra",
                    "Ubywający sierp",
                  ],
                  "moonphase": "Faza księżyca",
                  "ozone": "Ozon",
                  "precipInt": "Intensywność opadu",
                  "precipProb": "Opady",
                  "precipType": "Rodzaj opadu",
                  "pressure": "Ciśnienie",
                  "sun": "Słońce",
                  "sunrise": "Wschód słońca",
                  "sunset": "Zachód słońca",
                  "today": "Dziś",
                  "uvIndex": "Indeks UV",
                  "visibility": "Widoczność",
                  "wind": "Wiatr",
                  "windGust": "Wiatr w porywach",
                },
                "type": "Opady",
                "unit": "%",
              },
              "ref": null,
              "rendered": null,
              "type": [Function],
            },
            "type": "li",
          },
          Object {
            "instance": null,
            "key": undefined,
            "nodeType": "host",
            "props": Object {
              "children": <DataCircle
                additionalData={null}
                data={92}
                text={
                  Object {
                    "appTemp": "Temperatura odczuwalna",
                    "cloudCov": "Zachmurzenie",
                    "date": "Data",
                    "dewPoint": "Punkt rosy",
                    "humidity": "Wilgotność",
                    "icon": "Ikona pogody",
                    "location": "Nieznana lokacja",
                    "moon": Array [
                      "Nów",
                      "Wschodzący sierp",
                      "Pierwsza kwadra",
                      "Wschodzący księżyc",
                      "Pełnia",
                      "Ubywający księżyc",
                      "Trzecia kwadra",
                      "Ubywający sierp",
                    ],
                    "moonphase": "Faza księżyca",
                    "ozone": "Ozon",
                    "precipInt": "Intensywność opadu",
                    "precipProb": "Opady",
                    "precipType": "Rodzaj opadu",
                    "pressure": "Ciśnienie",
                    "sun": "Słońce",
                    "sunrise": "Wschód słońca",
                    "sunset": "Zachód słońca",
                    "today": "Dziś",
                    "uvIndex": "Indeks UV",
                    "visibility": "Widoczność",
                    "wind": "Wiatr",
                    "windGust": "Wiatr w porywach",
                  }
                }
                type="Zachmurzenie"
                unit="%"
              />,
            },
            "ref": null,
            "rendered": Object {
              "instance": null,
              "key": undefined,
              "nodeType": "function",
              "props": Object {
                "additionalData": null,
                "data": 92,
                "text": Object {
                  "appTemp": "Temperatura odczuwalna",
                  "cloudCov": "Zachmurzenie",
                  "date": "Data",
                  "dewPoint": "Punkt rosy",
                  "humidity": "Wilgotność",
                  "icon": "Ikona pogody",
                  "location": "Nieznana lokacja",
                  "moon": Array [
                    "Nów",
                    "Wschodzący sierp",
                    "Pierwsza kwadra",
                    "Wschodzący księżyc",
                    "Pełnia",
                    "Ubywający księżyc",
                    "Trzecia kwadra",
                    "Ubywający sierp",
                  ],
                  "moonphase": "Faza księżyca",
                  "ozone": "Ozon",
                  "precipInt": "Intensywność opadu",
                  "precipProb": "Opady",
                  "precipType": "Rodzaj opadu",
                  "pressure": "Ciśnienie",
                  "sun": "Słońce",
                  "sunrise": "Wschód słońca",
                  "sunset": "Zachód słońca",
                  "today": "Dziś",
                  "uvIndex": "Indeks UV",
                  "visibility": "Widoczność",
                  "wind": "Wiatr",
                  "windGust": "Wiatr w porywach",
                },
                "type": "Zachmurzenie",
                "unit": "%",
              },
              "ref": null,
              "rendered": null,
              "type": [Function],
            },
            "type": "li",
          },
        ],
        "type": "ul",
      },
      "type": "div",
    },
  ],
  Symbol(enzyme.__options__): Object {
    "adapter": ReactSixteenAdapter {
      "options": Object {
        "enableComponentDidUpdateOnSetState": true,
        "lifecycles": Object {
          "componentDidUpdate": Object {
            "onSetState": true,
          },
          "getDerivedStateFromProps": true,
          "getSnapshotBeforeUpdate": true,
          "setState": Object {
            "skipsComponentDidUpdateOnNullish": true,
          },
        },
      },
    },
  },
}
`;
