// Jest Snapshot v1, https://goo.gl/fbAQLP

exports[`CircleContainer matches Snapshot 1`] = `
<div
  className="circleContainer"
>
  <ul>
    <li>
      <DataCircle
        additionalData={null}
        data={94}
        text={
          Object {
            "appTemp": "Temperatura odczuwalna",
            "cloudCov": "Zachmurzenie",
            "date": "Data",
            "dewPoint": "Punkt rosy",
            "humidity": "Wilgotność",
            "icon": "Ikona pogody",
            "location": "Nieznana lokacja",
            "moon": Array [
              "Nów",
              "Wschodzący sierp",
              "Pierwsza kwadra",
              "Wschodzący księżyc",
              "Pełnia",
              "Ubywający księżyc",
              "Trzecia kwadra",
              "Ubywający sierp",
            ],
            "moonphase": "Faza księżyca",
            "ozone": "Ozon",
            "precipInt": "Intensywność opadu",
            "precipProb": "Opady",
            "precipType": "Rodzaj opadu",
            "pressure": "Ciśnienie",
            "sun": "Słońce",
            "sunrise": "Wschód słońca",
            "sunset": "Zachód słońca",
            "today": "Dziś",
            "uvIndex": "Indeks UV",
            "visibility": "Widoczność",
            "wind": "Wiatr",
            "windGust": "Wiatr w porywach",
          }
        }
        type="Wilgotność"
        unit="%"
      />
    </li>
    <li>
      <DataCircle
        additionalData={99}
        data={5.7}
        text={
          Object {
            "appTemp": "Temperatura odczuwalna",
            "cloudCov": "Zachmurzenie",
            "date": "Data",
            "dewPoint": "Punkt rosy",
            "humidity": "Wilgotność",
            "icon": "Ikona pogody",
            "location": "Nieznana lokacja",
            "moon": Array [
              "Nów",
              "Wschodzący sierp",
              "Pierwsza kwadra",
              "Wschodzący księżyc",
              "Pełnia",
              "Ubywający księżyc",
              "Trzecia kwadra",
              "Ubywający sierp",
            ],
            "moonphase": "Faza księżyca",
            "ozone": "Ozon",
            "precipInt": "Intensywność opadu",
            "precipProb": "Opady",
            "precipType": "Rodzaj opadu",
            "pressure": "Ciśnienie",
            "sun": "Słońce",
            "sunrise": "Wschód słońca",
            "sunset": "Zachód słońca",
            "today": "Dziś",
            "uvIndex": "Indeks UV",
            "visibility": "Widoczność",
            "wind": "Wiatr",
            "windGust": "Wiatr w porywach",
          }
        }
        type="Wiatr"
        unit="m/s"
      />
    </li>
    <li>
      <DataCircle
        additionalData={null}
        data={1}
        text={
          Object {
            "appTemp": "Temperatura odczuwalna",
            "cloudCov": "Zachmurzenie",
            "date": "Data",
            "dewPoint": "Punkt rosy",
            "humidity": "Wilgotność",
            "icon": "Ikona pogody",
            "location": "Nieznana lokacja",
            "moon": Array [
              "Nów",
              "Wschodzący sierp",
              "Pierwsza kwadra",
              "Wschodzący księżyc",
              "Pełnia",
              "Ubywający księżyc",
              "Trzecia kwadra",
              "Ubywający sierp",
            ],
            "moonphase": "Faza księżyca",
            "ozone": "Ozon",
            "precipInt": "Intensywność opadu",
            "precipProb": "Opady",
            "precipType": "Rodzaj opadu",
            "pressure": "Ciśnienie",
            "sun": "Słońce",
            "sunrise": "Wschód słońca",
            "sunset": "Zachód słońca",
            "today": "Dziś",
            "uvIndex": "Indeks UV",
            "visibility": "Widoczność",
            "wind": "Wiatr",
            "windGust": "Wiatr w porywach",
          }
        }
        type="Opady"
        unit="%"
      />
    </li>
    <li>
      <DataCircle
        additionalData={null}
        data={92}
        text={
          Object {
            "appTemp": "Temperatura odczuwalna",
            "cloudCov": "Zachmurzenie",
            "date": "Data",
            "dewPoint": "Punkt rosy",
            "humidity": "Wilgotność",
            "icon": "Ikona pogody",
            "location": "Nieznana lokacja",
            "moon": Array [
              "Nów",
              "Wschodzący sierp",
              "Pierwsza kwadra",
              "Wschodzący księżyc",
              "Pełnia",
              "Ubywający księżyc",
              "Trzecia kwadra",
              "Ubywający sierp",
            ],
            "moonphase": "Faza księżyca",
            "ozone": "Ozon",
            "precipInt": "Intensywność opadu",
            "precipProb": "Opady",
            "precipType": "Rodzaj opadu",
            "pressure": "Ciśnienie",
            "sun": "Słońce",
            "sunrise": "Wschód słońca",
            "sunset": "Zachód słońca",
            "today": "Dziś",
            "uvIndex": "Indeks UV",
            "visibility": "Widoczność",
            "wind": "Wiatr",
            "windGust": "Wiatr w porywach",
          }
        }
        type="Zachmurzenie"
        unit="%"
      />
    </li>
  </ul>
</div>
`;
