// Jest Snapshot v1, https://goo.gl/fbAQLP

exports[`Current component tests Matches Snapshot 1`] = `
<Fragment>
  <MainInfo
    currentText={
      Object {
        "appTemp": "Temperatura odczuwalna",
        "cloudCov": "Zachmurzenie",
        "date": "Data",
        "dewPoint": "Punkt rosy",
        "humidity": "Wilgotność",
        "icon": "Ikona pogody",
        "location": "Nieznana lokacja",
        "moon": Array [
          "Nów",
          "Wschodzący sierp",
          "Pierwsza kwadra",
          "Wschodzący księżyc",
          "Pełnia",
          "Ubywający księżyc",
          "Trzecia kwadra",
          "Ubywający sierp",
        ],
        "moonphase": "Faza księżyca",
        "ozone": "Ozon",
        "precipInt": "Intensywność opadu",
        "precipProb": "Opady",
        "precipType": "Rodzaj opadu",
        "pressure": "Ciśnienie",
        "sun": "Słońce",
        "sunrise": "Wschód słońca",
        "sunset": "Zachód słońca",
        "today": "Dziś",
        "uvIndex": "Indeks UV",
        "visibility": "Widoczność",
        "wind": "Wiatr",
        "windGust": "Wiatr w porywach",
      }
    }
    currently={
      Object {
        "apparentTemperature": 6.53,
        "cloudCover": 0.92,
        "dewPoint": 8.45,
        "humidity": 0.94,
        "icon": "partly-cloudy-night",
        "ozone": 290.56,
        "precipIntensity": 0.0076,
        "precipProbability": 0.01,
        "precipType": "rain",
        "pressure": 1009.97,
        "summary": "Średnie zachmurzenie",
        "temperature": 9.38,
        "time": 1540834485,
        "uvIndex": 0,
        "visibility": 16.09,
        "windBearing": 99,
        "windGust": 10.76,
        "windSpeed": 5.76,
      }
    }
    dateText={
      Object {
        "temperature": "Temperatura",
        "temperatureMax": "Temperatura Max.",
        "temperatureMin": "Temperatura Min.",
        "today": "Dziś",
        "weekDay": Array [
          "Niedziela",
          "Poniedziałek",
          "Wtorek",
          "Środa",
          "Czwartek",
          "Piątek",
          "Sobota",
          "Dziś",
        ],
        "weekDayShort": Array [
          "Nie",
          "Pon",
          "Wt",
          "Śr",
          "Czw",
          "Pt",
          "Sob",
        ],
      }
    }
    locationShortName="Plock"
    sunPositionTime={
      Object {
        "sunrise": 1540791182,
        "sunset": 1540826320,
      }
    }
    timezone="Europe/Warsaw"
    today={
      Object {
        "day": "4",
        "hour": "01:16",
        "month": "1.1",
      }
    }
    units="si"
  />
  <CircleContainer
    currentText={
      Object {
        "appTemp": "Temperatura odczuwalna",
        "cloudCov": "Zachmurzenie",
        "date": "Data",
        "dewPoint": "Punkt rosy",
        "humidity": "Wilgotność",
        "icon": "Ikona pogody",
        "location": "Nieznana lokacja",
        "moon": Array [
          "Nów",
          "Wschodzący sierp",
          "Pierwsza kwadra",
          "Wschodzący księżyc",
          "Pełnia",
          "Ubywający księżyc",
          "Trzecia kwadra",
          "Ubywający sierp",
        ],
        "moonphase": "Faza księżyca",
        "ozone": "Ozon",
        "precipInt": "Intensywność opadu",
        "precipProb": "Opady",
        "precipType": "Rodzaj opadu",
        "pressure": "Ciśnienie",
        "sun": "Słońce",
        "sunrise": "Wschód słońca",
        "sunset": "Zachód słońca",
        "today": "Dziś",
        "uvIndex": "Indeks UV",
        "visibility": "Widoczność",
        "wind": "Wiatr",
        "windGust": "Wiatr w porywach",
      }
    }
    currently={
      Object {
        "apparentTemperature": 6.53,
        "cloudCover": 0.92,
        "dewPoint": 8.45,
        "humidity": 0.94,
        "icon": "partly-cloudy-night",
        "ozone": 290.56,
        "precipIntensity": 0.0076,
        "precipProbability": 0.01,
        "precipType": "rain",
        "pressure": 1009.97,
        "summary": "Średnie zachmurzenie",
        "temperature": 9.38,
        "time": 1540834485,
        "uvIndex": 0,
        "visibility": 16.09,
        "windBearing": 99,
        "windGust": 10.76,
        "windSpeed": 5.76,
      }
    }
    units="si"
  />
  <ListInfo
    currentText={
      Object {
        "appTemp": "Temperatura odczuwalna",
        "cloudCov": "Zachmurzenie",
        "date": "Data",
        "dewPoint": "Punkt rosy",
        "humidity": "Wilgotność",
        "icon": "Ikona pogody",
        "location": "Nieznana lokacja",
        "moon": Array [
          "Nów",
          "Wschodzący sierp",
          "Pierwsza kwadra",
          "Wschodzący księżyc",
          "Pełnia",
          "Ubywający księżyc",
          "Trzecia kwadra",
          "Ubywający sierp",
        ],
        "moonphase": "Faza księżyca",
        "ozone": "Ozon",
        "precipInt": "Intensywność opadu",
        "precipProb": "Opady",
        "precipType": "Rodzaj opadu",
        "pressure": "Ciśnienie",
        "sun": "Słońce",
        "sunrise": "Wschód słońca",
        "sunset": "Zachód słońca",
        "today": "Dziś",
        "uvIndex": "Indeks UV",
        "visibility": "Widoczność",
        "wind": "Wiatr",
        "windGust": "Wiatr w porywach",
      }
    }
    currently={
      Object {
        "apparentTemperature": 6.53,
        "cloudCover": 0.92,
        "dewPoint": 8.45,
        "humidity": 0.94,
        "icon": "partly-cloudy-night",
        "ozone": 290.56,
        "precipIntensity": 0.0076,
        "precipProbability": 0.01,
        "precipType": "rain",
        "pressure": 1009.97,
        "summary": "Średnie zachmurzenie",
        "temperature": 9.38,
        "time": 1540834485,
        "uvIndex": 0,
        "visibility": 16.09,
        "windBearing": 99,
        "windGust": 10.76,
        "windSpeed": 5.76,
      }
    }
    moonphase={0.67}
    units="si"
  />
</Fragment>
`;
