// Jest Snapshot v1, https://goo.gl/fbAQLP

exports[`Daily component test Matches snapshot 1`] = `
<section
  className="Daily"
>
  <Summary>
    Dzisiaj i w piątek deszcz, jutro ocieplenie do 19°C.
  </Summary>
  <div
    className="chartContainer"
  >
    <ResponsiveContainer
      debounce={0}
      height={300}
      width="95%"
    >
      <BarChart
        barCategoryGap="10%"
        barGap={4}
        data={
          Array [
            Object {
              "Temperatura (°C)": Array [
                10.1,
                11.2,
              ],
              "name": "Dziś",
              "summary": "Rano deszcz, słaby wiatr.",
            },
            Object {
              "Temperatura (°C)": Array [
                18.9,
                8.6,
              ],
              "name": "Wt",
              "summary": "Rano słaby wiatr, średnie zachmurzenie, ustanie wieczorem.",
            },
            Object {
              "Temperatura (°C)": Array [
                15.8,
                8.5,
              ],
              "name": "Śr",
              "summary": "Rano niewielkie zachmurzenie.",
            },
            Object {
              "Temperatura (°C)": Array [
                18.6,
                13.4,
              ],
              "name": "Czw",
              "summary": "Średnie zachmurzenie w ciągu dnia.",
            },
            Object {
              "Temperatura (°C)": Array [
                16.5,
                8,
              ],
              "name": "Pt",
              "summary": "Rano niewielki deszcz.",
            },
            Object {
              "Temperatura (°C)": Array [
                12.7,
                8.9,
              ],
              "name": "Sob",
              "summary": "Średnie zachmurzenie w ciągu dnia.",
            },
            Object {
              "Temperatura (°C)": Array [
                16.8,
                10.3,
              ],
              "name": "Nie",
              "summary": "Średnie zachmurzenie, ustanie wieczorem.",
            },
            Object {
              "Temperatura (°C)": Array [
                14.4,
                10.6,
              ],
              "name": "Pon",
              "summary": "Średnie zachmurzenie w ciągu dnia.",
            },
          ]
        }
        layout="horizontal"
        margin={
          Object {
            "bottom": 5,
            "left": 5,
            "right": 5,
            "top": 5,
          }
        }
        maxBarSize={60}
        reverseStackOrder={false}
        stackOffset="none"
      >
        <defs>
          <linearGradient
            id="colorPrimary"
            x1="0"
            x2="0"
            y1="0"
            y2="1"
          >
            <stop
              offset="35%"
              stopColor=""
              stopOpacity={1}
            />
            <stop
              offset="95%"
              stopColor=""
              stopOpacity={0.98}
            />
          </linearGradient>
        </defs>
        <CartesianGrid
          fill="none"
          horizontal={true}
          horizontalFill={Array []}
          horizontalPoints={Array []}
          stroke="#ccc"
          strokeDasharray="3 3"
          vertical={true}
          verticalFill={Array []}
          verticalPoints={Array []}
        />
        <XAxis
          allowDataOverflow={false}
          allowDecimals={true}
          allowDuplicatedCategory={true}
          dataKey="name"
          domain={
            Array [
              0,
              "auto",
            ]
          }
          height={30}
          hide={false}
          mirror={false}
          orientation="bottom"
          padding={
            Object {
              "left": 0,
              "right": 0,
            }
          }
          reversed={false}
          scale="auto"
          stroke=""
          tickCount={5}
          type="category"
          width={0}
          xAxisId={0}
        />
        <YAxis
          allowDataOverflow={false}
          allowDecimals={true}
          allowDuplicatedCategory={true}
          domain={
            Array [
              0,
              "auto",
            ]
          }
          height={0}
          hide={false}
          mirror={false}
          orientation="left"
          padding={
            Object {
              "bottom": 0,
              "top": 0,
            }
          }
          reversed={false}
          scale="auto"
          stroke=""
          tick={
            Object {
              "stroke": "",
            }
          }
          tickCount={5}
          type="number"
          width={60}
          yAxisId={0}
        />
        <Tooltip
          active={false}
          animationDuration={400}
          animationEasing="ease"
          content={
            <CustomTooltip
              tempText={
                Object {
                  "temperature": "Temperatura",
                  "temperatureMax": "Temperatura Max.",
                  "temperatureMin": "Temperatura Min.",
                  "today": "Dziś",
                  "weekDay": Array [
                    "Niedziela",
                    "Poniedziałek",
                    "Wtorek",
                    "Środa",
                    "Czwartek",
                    "Piątek",
                    "Sobota",
                    "Dziś",
                  ],
                  "weekDayShort": Array [
                    "Nie",
                    "Pon",
                    "Wt",
                    "Śr",
                    "Czw",
                    "Pt",
                    "Sob",
                  ],
                }
              }
              type="daily"
              units="si"
              windowWidth={NaN}
            />
          }
          contentStyle={Object {}}
          coordinate={
            Object {
              "x": 0,
              "y": 0,
            }
          }
          cursor={true}
          cursorStyle={Object {}}
          filterNull={true}
          isAnimationActive={true}
          itemStyle={Object {}}
          labelStyle={Object {}}
          offset={10}
          separator=" : "
          useTranslate3d={false}
          viewBox={
            Object {
              "x1": 0,
              "x2": 0,
              "y1": 0,
              "y2": 0,
            }
          }
          wrapperStyle={Object {}}
        />
        <Legend
          align="center"
          iconSize={14}
          layout="horizontal"
          verticalAlign="bottom"
        />
        <Bar
          animationBegin={0}
          animationDuration={400}
          animationEasing="ease"
          data={Array []}
          dataKey="Temperatura (°C)"
          fill="url(#colorPrimary)"
          hide={false}
          isAnimationActive={true}
          layout="vertical"
          legendType="rect"
          minPointSize={0}
          onAnimationEnd={[Function]}
          onAnimationStart={[Function]}
          unit="si"
          xAxisId={0}
          yAxisId={0}
        />
      </BarChart>
    </ResponsiveContainer>
  </div>
</section>
`;
