// Jest Snapshot v1, https://goo.gl/fbAQLP

exports[`ListInfo comp. test ListInfo match to Snapshot 1`] = `
ShallowWrapper {
  Symbol(enzyme.__root__): [Circular],
  Symbol(enzyme.__unrendered__): <ListInfo
    currentText={
      Object {
        "appTemp": "Temperatura odczuwalna",
        "cloudCov": "Zachmurzenie",
        "date": "Data",
        "dewPoint": "Punkt rosy",
        "humidity": "Wilgotność",
        "icon": "Ikona pogody",
        "location": "Nieznana lokacja",
        "moon": Array [
          "Nów",
          "Wschodzący sierp",
          "Pierwsza kwadra",
          "Wschodzący księżyc",
          "Pełnia",
          "Ubywający księżyc",
          "Trzecia kwadra",
          "Ubywający sierp",
        ],
        "moonphase": "Faza księżyca",
        "ozone": "Ozon",
        "precipInt": "Intensywność opadu",
        "precipProb": "Opady",
        "precipType": "Rodzaj opadu",
        "pressure": "Ciśnienie",
        "sun": "Słońce",
        "sunrise": "Wschód słońca",
        "sunset": "Zachód słońca",
        "today": "Dziś",
        "uvIndex": "Indeks UV",
        "visibility": "Widoczność",
        "wind": "Wiatr",
        "windGust": "Wiatr w porywach",
      }
    }
    currently={
      Object {
        "apparentTemperature": 6.53,
        "cloudCover": 0.92,
        "dewPoint": 8.45,
        "humidity": 0.94,
        "icon": "partly-cloudy-night",
        "ozone": 290.56,
        "precipIntensity": 0.0076,
        "precipProbability": 0.01,
        "precipType": "rain",
        "pressure": 1009.97,
        "summary": "Średnie zachmurzenie",
        "temperature": 9.38,
        "time": 1540834485,
        "uvIndex": 0,
        "visibility": 16.09,
        "windBearing": 99,
        "windGust": 10.76,
        "windSpeed": 5.76,
      }
    }
    moonphase={0.5}
    units="si"
  />,
  Symbol(enzyme.__renderer__): Object {
    "batchedUpdates": [Function],
    "getNode": [Function],
    "render": [Function],
    "simulateError": [Function],
    "simulateEvent": [Function],
    "unmount": [Function],
  },
  Symbol(enzyme.__node__): Object {
    "instance": null,
    "key": undefined,
    "nodeType": "host",
    "props": Object {
      "children": Array [
        <div
          className="element"
        >
          <div>
            Temperatura odczuwalna
          </div>
          <div>
            6.5
            <span>
              °C
            </span>
          </div>
        </div>,
        <div
          className="element"
        >
          <div>
            Punkt rosy
          </div>
          <div>
            8.4
            <span>
              °C
            </span>
          </div>
        </div>,
        <div
          className="element"
        >
          <div>
            Ciśnienie
          </div>
          <div>
            1009.9
            <span>
              hPa
            </span>
          </div>
        </div>,
        <div
          className="element"
        >
          <div>
            Wiatr w porywach
          </div>
          <div>
            10.7
            <span>
              m/s
            </span>
          </div>
        </div>,
        <div
          className="element"
        >
          <div>
            Intensywność opadu
          </div>
          <div>
            0
            <span>
              mm/h
            </span>
          </div>
        </div>,
        <div
          className="element"
        >
          <div>
            Widoczność
          </div>
          <div>
            16
            <span>
              km
            </span>
          </div>
        </div>,
        <div
          className="element"
        >
          <div>
            Indeks UV
          </div>
          <div>
            0
          </div>
        </div>,
        <div
          className="element"
        >
          <div>
            Faza księżyca
          </div>
          <div>
            Pełnia
          </div>
        </div>,
        <div
          className="element"
        >
          <div>
            Ozon
          </div>
          <div>
            290.5
            <span>
              DU
            </span>
          </div>
        </div>,
      ],
      "className": "Current",
    },
    "ref": null,
    "rendered": Array [
      Object {
        "instance": null,
        "key": undefined,
        "nodeType": "host",
        "props": Object {
          "children": Array [
            <div>
              Temperatura odczuwalna
            </div>,
            <div>
              6.5
              <span>
                °C
              </span>
            </div>,
          ],
          "className": "element",
        },
        "ref": null,
        "rendered": Array [
          Object {
            "instance": null,
            "key": undefined,
            "nodeType": "host",
            "props": Object {
              "children": "Temperatura odczuwalna",
            },
            "ref": null,
            "rendered": "Temperatura odczuwalna",
            "type": "div",
          },
          Object {
            "instance": null,
            "key": undefined,
            "nodeType": "host",
            "props": Object {
              "children": Array [
                6.5,
                <span>
                  °C
                </span>,
              ],
            },
            "ref": null,
            "rendered": Array [
              6.5,
              Object {
                "instance": null,
                "key": undefined,
                "nodeType": "host",
                "props": Object {
                  "children": "°C",
                },
                "ref": null,
                "rendered": "°C",
                "type": "span",
              },
            ],
            "type": "div",
          },
        ],
        "type": "div",
      },
      Object {
        "instance": null,
        "key": undefined,
        "nodeType": "host",
        "props": Object {
          "children": Array [
            <div>
              Punkt rosy
            </div>,
            <div>
              8.4
              <span>
                °C
              </span>
            </div>,
          ],
          "className": "element",
        },
        "ref": null,
        "rendered": Array [
          Object {
            "instance": null,
            "key": undefined,
            "nodeType": "host",
            "props": Object {
              "children": "Punkt rosy",
            },
            "ref": null,
            "rendered": "Punkt rosy",
            "type": "div",
          },
          Object {
            "instance": null,
            "key": undefined,
            "nodeType": "host",
            "props": Object {
              "children": Array [
                8.4,
                <span>
                  °C
                </span>,
              ],
            },
            "ref": null,
            "rendered": Array [
              8.4,
              Object {
                "instance": null,
                "key": undefined,
                "nodeType": "host",
                "props": Object {
                  "children": "°C",
                },
                "ref": null,
                "rendered": "°C",
                "type": "span",
              },
            ],
            "type": "div",
          },
        ],
        "type": "div",
      },
      Object {
        "instance": null,
        "key": undefined,
        "nodeType": "host",
        "props": Object {
          "children": Array [
            <div>
              Ciśnienie
            </div>,
            <div>
              1009.9
              <span>
                hPa
              </span>
            </div>,
          ],
          "className": "element",
        },
        "ref": null,
        "rendered": Array [
          Object {
            "instance": null,
            "key": undefined,
            "nodeType": "host",
            "props": Object {
              "children": "Ciśnienie",
            },
            "ref": null,
            "rendered": "Ciśnienie",
            "type": "div",
          },
          Object {
            "instance": null,
            "key": undefined,
            "nodeType": "host",
            "props": Object {
              "children": Array [
                1009.9,
                <span>
                  hPa
                </span>,
              ],
            },
            "ref": null,
            "rendered": Array [
              1009.9,
              Object {
                "instance": null,
                "key": undefined,
                "nodeType": "host",
                "props": Object {
                  "children": "hPa",
                },
                "ref": null,
                "rendered": "hPa",
                "type": "span",
              },
            ],
            "type": "div",
          },
        ],
        "type": "div",
      },
      Object {
        "instance": null,
        "key": undefined,
        "nodeType": "host",
        "props": Object {
          "children": Array [
            <div>
              Wiatr w porywach
            </div>,
            <div>
              10.7
              <span>
                m/s
              </span>
            </div>,
          ],
          "className": "element",
        },
        "ref": null,
        "rendered": Array [
          Object {
            "instance": null,
            "key": undefined,
            "nodeType": "host",
            "props": Object {
              "children": "Wiatr w porywach",
            },
            "ref": null,
            "rendered": "Wiatr w porywach",
            "type": "div",
          },
          Object {
            "instance": null,
            "key": undefined,
            "nodeType": "host",
            "props": Object {
              "children": Array [
                10.7,
                <span>
                  m/s
                </span>,
              ],
            },
            "ref": null,
            "rendered": Array [
              10.7,
              Object {
                "instance": null,
                "key": undefined,
                "nodeType": "host",
                "props": Object {
                  "children": "m/s",
                },
                "ref": null,
                "rendered": "m/s",
                "type": "span",
              },
            ],
            "type": "div",
          },
        ],
        "type": "div",
      },
      Object {
        "instance": null,
        "key": undefined,
        "nodeType": "host",
        "props": Object {
          "children": Array [
            <div>
              Intensywność opadu
            </div>,
            <div>
              0
              <span>
                mm/h
              </span>
            </div>,
          ],
          "className": "element",
        },
        "ref": null,
        "rendered": Array [
          Object {
            "instance": null,
            "key": undefined,
            "nodeType": "host",
            "props": Object {
              "children": "Intensywność opadu",
            },
            "ref": null,
            "rendered": "Intensywność opadu",
            "type": "div",
          },
          Object {
            "instance": null,
            "key": undefined,
            "nodeType": "host",
            "props": Object {
              "children": Array [
                0,
                <span>
                  mm/h
                </span>,
              ],
            },
            "ref": null,
            "rendered": Array [
              0,
              Object {
                "instance": null,
                "key": undefined,
                "nodeType": "host",
                "props": Object {
                  "children": "mm/h",
                },
                "ref": null,
                "rendered": "mm/h",
                "type": "span",
              },
            ],
            "type": "div",
          },
        ],
        "type": "div",
      },
      Object {
        "instance": null,
        "key": undefined,
        "nodeType": "host",
        "props": Object {
          "children": Array [
            <div>
              Widoczność
            </div>,
            <div>
              16
              <span>
                km
              </span>
            </div>,
          ],
          "className": "element",
        },
        "ref": null,
        "rendered": Array [
          Object {
            "instance": null,
            "key": undefined,
            "nodeType": "host",
            "props": Object {
              "children": "Widoczność",
            },
            "ref": null,
            "rendered": "Widoczność",
            "type": "div",
          },
          Object {
            "instance": null,
            "key": undefined,
            "nodeType": "host",
            "props": Object {
              "children": Array [
                16,
                <span>
                  km
                </span>,
              ],
            },
            "ref": null,
            "rendered": Array [
              16,
              Object {
                "instance": null,
                "key": undefined,
                "nodeType": "host",
                "props": Object {
                  "children": "km",
                },
                "ref": null,
                "rendered": "km",
                "type": "span",
              },
            ],
            "type": "div",
          },
        ],
        "type": "div",
      },
      Object {
        "instance": null,
        "key": undefined,
        "nodeType": "host",
        "props": Object {
          "children": Array [
            <div>
              Indeks UV
            </div>,
            <div>
              0
            </div>,
          ],
          "className": "element",
        },
        "ref": null,
        "rendered": Array [
          Object {
            "instance": null,
            "key": undefined,
            "nodeType": "host",
            "props": Object {
              "children": "Indeks UV",
            },
            "ref": null,
            "rendered": "Indeks UV",
            "type": "div",
          },
          Object {
            "instance": null,
            "key": undefined,
            "nodeType": "host",
            "props": Object {
              "children": 0,
            },
            "ref": null,
            "rendered": 0,
            "type": "div",
          },
        ],
        "type": "div",
      },
      Object {
        "instance": null,
        "key": undefined,
        "nodeType": "host",
        "props": Object {
          "children": Array [
            <div>
              Faza księżyca
            </div>,
            <div>
              Pełnia
            </div>,
          ],
          "className": "element",
        },
        "ref": null,
        "rendered": Array [
          Object {
            "instance": null,
            "key": undefined,
            "nodeType": "host",
            "props": Object {
              "children": "Faza księżyca",
            },
            "ref": null,
            "rendered": "Faza księżyca",
            "type": "div",
          },
          Object {
            "instance": null,
            "key": undefined,
            "nodeType": "host",
            "props": Object {
              "children": "Pełnia",
            },
            "ref": null,
            "rendered": "Pełnia",
            "type": "div",
          },
        ],
        "type": "div",
      },
      Object {
        "instance": null,
        "key": undefined,
        "nodeType": "host",
        "props": Object {
          "children": Array [
            <div>
              Ozon
            </div>,
            <div>
              290.5
              <span>
                DU
              </span>
            </div>,
          ],
          "className": "element",
        },
        "ref": null,
        "rendered": Array [
          Object {
            "instance": null,
            "key": undefined,
            "nodeType": "host",
            "props": Object {
              "children": "Ozon",
            },
            "ref": null,
            "rendered": "Ozon",
            "type": "div",
          },
          Object {
            "instance": null,
            "key": undefined,
            "nodeType": "host",
            "props": Object {
              "children": Array [
                290.5,
                <span>
                  DU
                </span>,
              ],
            },
            "ref": null,
            "rendered": Array [
              290.5,
              Object {
                "instance": null,
                "key": undefined,
                "nodeType": "host",
                "props": Object {
                  "children": "DU",
                },
                "ref": null,
                "rendered": "DU",
                "type": "span",
              },
            ],
            "type": "div",
          },
        ],
        "type": "div",
      },
    ],
    "type": "section",
  },
  Symbol(enzyme.__nodes__): Array [
    Object {
      "instance": null,
      "key": undefined,
      "nodeType": "host",
      "props": Object {
        "children": Array [
          <div
            className="element"
          >
            <div>
              Temperatura odczuwalna
            </div>
            <div>
              6.5
              <span>
                °C
              </span>
            </div>
          </div>,
          <div
            className="element"
          >
            <div>
              Punkt rosy
            </div>
            <div>
              8.4
              <span>
                °C
              </span>
            </div>
          </div>,
          <div
            className="element"
          >
            <div>
              Ciśnienie
            </div>
            <div>
              1009.9
              <span>
                hPa
              </span>
            </div>
          </div>,
          <div
            className="element"
          >
            <div>
              Wiatr w porywach
            </div>
            <div>
              10.7
              <span>
                m/s
              </span>
            </div>
          </div>,
          <div
            className="element"
          >
            <div>
              Intensywność opadu
            </div>
            <div>
              0
              <span>
                mm/h
              </span>
            </div>
          </div>,
          <div
            className="element"
          >
            <div>
              Widoczność
            </div>
            <div>
              16
              <span>
                km
              </span>
            </div>
          </div>,
          <div
            className="element"
          >
            <div>
              Indeks UV
            </div>
            <div>
              0
            </div>
          </div>,
          <div
            className="element"
          >
            <div>
              Faza księżyca
            </div>
            <div>
              Pełnia
            </div>
          </div>,
          <div
            className="element"
          >
            <div>
              Ozon
            </div>
            <div>
              290.5
              <span>
                DU
              </span>
            </div>
          </div>,
        ],
        "className": "Current",
      },
      "ref": null,
      "rendered": Array [
        Object {
          "instance": null,
          "key": undefined,
          "nodeType": "host",
          "props": Object {
            "children": Array [
              <div>
                Temperatura odczuwalna
              </div>,
              <div>
                6.5
                <span>
                  °C
                </span>
              </div>,
            ],
            "className": "element",
          },
          "ref": null,
          "rendered": Array [
            Object {
              "instance": null,
              "key": undefined,
              "nodeType": "host",
              "props": Object {
                "children": "Temperatura odczuwalna",
              },
              "ref": null,
              "rendered": "Temperatura odczuwalna",
              "type": "div",
            },
            Object {
              "instance": null,
              "key": undefined,
              "nodeType": "host",
              "props": Object {
                "children": Array [
                  6.5,
                  <span>
                    °C
                  </span>,
                ],
              },
              "ref": null,
              "rendered": Array [
                6.5,
                Object {
                  "instance": null,
                  "key": undefined,
                  "nodeType": "host",
                  "props": Object {
                    "children": "°C",
                  },
                  "ref": null,
                  "rendered": "°C",
                  "type": "span",
                },
              ],
              "type": "div",
            },
          ],
          "type": "div",
        },
        Object {
          "instance": null,
          "key": undefined,
          "nodeType": "host",
          "props": Object {
            "children": Array [
              <div>
                Punkt rosy
              </div>,
              <div>
                8.4
                <span>
                  °C
                </span>
              </div>,
            ],
            "className": "element",
          },
          "ref": null,
          "rendered": Array [
            Object {
              "instance": null,
              "key": undefined,
              "nodeType": "host",
              "props": Object {
                "children": "Punkt rosy",
              },
              "ref": null,
              "rendered": "Punkt rosy",
              "type": "div",
            },
            Object {
              "instance": null,
              "key": undefined,
              "nodeType": "host",
              "props": Object {
                "children": Array [
                  8.4,
                  <span>
                    °C
                  </span>,
                ],
              },
              "ref": null,
              "rendered": Array [
                8.4,
                Object {
                  "instance": null,
                  "key": undefined,
                  "nodeType": "host",
                  "props": Object {
                    "children": "°C",
                  },
                  "ref": null,
                  "rendered": "°C",
                  "type": "span",
                },
              ],
              "type": "div",
            },
          ],
          "type": "div",
        },
        Object {
          "instance": null,
          "key": undefined,
          "nodeType": "host",
          "props": Object {
            "children": Array [
              <div>
                Ciśnienie
              </div>,
              <div>
                1009.9
                <span>
                  hPa
                </span>
              </div>,
            ],
            "className": "element",
          },
          "ref": null,
          "rendered": Array [
            Object {
              "instance": null,
              "key": undefined,
              "nodeType": "host",
              "props": Object {
                "children": "Ciśnienie",
              },
              "ref": null,
              "rendered": "Ciśnienie",
              "type": "div",
            },
            Object {
              "instance": null,
              "key": undefined,
              "nodeType": "host",
              "props": Object {
                "children": Array [
                  1009.9,
                  <span>
                    hPa
                  </span>,
                ],
              },
              "ref": null,
              "rendered": Array [
                1009.9,
                Object {
                  "instance": null,
                  "key": undefined,
                  "nodeType": "host",
                  "props": Object {
                    "children": "hPa",
                  },
                  "ref": null,
                  "rendered": "hPa",
                  "type": "span",
                },
              ],
              "type": "div",
            },
          ],
          "type": "div",
        },
        Object {
          "instance": null,
          "key": undefined,
          "nodeType": "host",
          "props": Object {
            "children": Array [
              <div>
                Wiatr w porywach
              </div>,
              <div>
                10.7
                <span>
                  m/s
                </span>
              </div>,
            ],
            "className": "element",
          },
          "ref": null,
          "rendered": Array [
            Object {
              "instance": null,
              "key": undefined,
              "nodeType": "host",
              "props": Object {
                "children": "Wiatr w porywach",
              },
              "ref": null,
              "rendered": "Wiatr w porywach",
              "type": "div",
            },
            Object {
              "instance": null,
              "key": undefined,
              "nodeType": "host",
              "props": Object {
                "children": Array [
                  10.7,
                  <span>
                    m/s
                  </span>,
                ],
              },
              "ref": null,
              "rendered": Array [
                10.7,
                Object {
                  "instance": null,
                  "key": undefined,
                  "nodeType": "host",
                  "props": Object {
                    "children": "m/s",
                  },
                  "ref": null,
                  "rendered": "m/s",
                  "type": "span",
                },
              ],
              "type": "div",
            },
          ],
          "type": "div",
        },
        Object {
          "instance": null,
          "key": undefined,
          "nodeType": "host",
          "props": Object {
            "children": Array [
              <div>
                Intensywność opadu
              </div>,
              <div>
                0
                <span>
                  mm/h
                </span>
              </div>,
            ],
            "className": "element",
          },
          "ref": null,
          "rendered": Array [
            Object {
              "instance": null,
              "key": undefined,
              "nodeType": "host",
              "props": Object {
                "children": "Intensywność opadu",
              },
              "ref": null,
              "rendered": "Intensywność opadu",
              "type": "div",
            },
            Object {
              "instance": null,
              "key": undefined,
              "nodeType": "host",
              "props": Object {
                "children": Array [
                  0,
                  <span>
                    mm/h
                  </span>,
                ],
              },
              "ref": null,
              "rendered": Array [
                0,
                Object {
                  "instance": null,
                  "key": undefined,
                  "nodeType": "host",
                  "props": Object {
                    "children": "mm/h",
                  },
                  "ref": null,
                  "rendered": "mm/h",
                  "type": "span",
                },
              ],
              "type": "div",
            },
          ],
          "type": "div",
        },
        Object {
          "instance": null,
          "key": undefined,
          "nodeType": "host",
          "props": Object {
            "children": Array [
              <div>
                Widoczność
              </div>,
              <div>
                16
                <span>
                  km
                </span>
              </div>,
            ],
            "className": "element",
          },
          "ref": null,
          "rendered": Array [
            Object {
              "instance": null,
              "key": undefined,
              "nodeType": "host",
              "props": Object {
                "children": "Widoczność",
              },
              "ref": null,
              "rendered": "Widoczność",
              "type": "div",
            },
            Object {
              "instance": null,
              "key": undefined,
              "nodeType": "host",
              "props": Object {
                "children": Array [
                  16,
                  <span>
                    km
                  </span>,
                ],
              },
              "ref": null,
              "rendered": Array [
                16,
                Object {
                  "instance": null,
                  "key": undefined,
                  "nodeType": "host",
                  "props": Object {
                    "children": "km",
                  },
                  "ref": null,
                  "rendered": "km",
                  "type": "span",
                },
              ],
              "type": "div",
            },
          ],
          "type": "div",
        },
        Object {
          "instance": null,
          "key": undefined,
          "nodeType": "host",
          "props": Object {
            "children": Array [
              <div>
                Indeks UV
              </div>,
              <div>
                0
              </div>,
            ],
            "className": "element",
          },
          "ref": null,
          "rendered": Array [
            Object {
              "instance": null,
              "key": undefined,
              "nodeType": "host",
              "props": Object {
                "children": "Indeks UV",
              },
              "ref": null,
              "rendered": "Indeks UV",
              "type": "div",
            },
            Object {
              "instance": null,
              "key": undefined,
              "nodeType": "host",
              "props": Object {
                "children": 0,
              },
              "ref": null,
              "rendered": 0,
              "type": "div",
            },
          ],
          "type": "div",
        },
        Object {
          "instance": null,
          "key": undefined,
          "nodeType": "host",
          "props": Object {
            "children": Array [
              <div>
                Faza księżyca
              </div>,
              <div>
                Pełnia
              </div>,
            ],
            "className": "element",
          },
          "ref": null,
          "rendered": Array [
            Object {
              "instance": null,
              "key": undefined,
              "nodeType": "host",
              "props": Object {
                "children": "Faza księżyca",
              },
              "ref": null,
              "rendered": "Faza księżyca",
              "type": "div",
            },
            Object {
              "instance": null,
              "key": undefined,
              "nodeType": "host",
              "props": Object {
                "children": "Pełnia",
              },
              "ref": null,
              "rendered": "Pełnia",
              "type": "div",
            },
          ],
          "type": "div",
        },
        Object {
          "instance": null,
          "key": undefined,
          "nodeType": "host",
          "props": Object {
            "children": Array [
              <div>
                Ozon
              </div>,
              <div>
                290.5
                <span>
                  DU
                </span>
              </div>,
            ],
            "className": "element",
          },
          "ref": null,
          "rendered": Array [
            Object {
              "instance": null,
              "key": undefined,
              "nodeType": "host",
              "props": Object {
                "children": "Ozon",
              },
              "ref": null,
              "rendered": "Ozon",
              "type": "div",
            },
            Object {
              "instance": null,
              "key": undefined,
              "nodeType": "host",
              "props": Object {
                "children": Array [
                  290.5,
                  <span>
                    DU
                  </span>,
                ],
              },
              "ref": null,
              "rendered": Array [
                290.5,
                Object {
                  "instance": null,
                  "key": undefined,
                  "nodeType": "host",
                  "props": Object {
                    "children": "DU",
                  },
                  "ref": null,
                  "rendered": "DU",
                  "type": "span",
                },
              ],
              "type": "div",
            },
          ],
          "type": "div",
        },
      ],
      "type": "section",
    },
  ],
  Symbol(enzyme.__options__): Object {
    "adapter": ReactSixteenAdapter {
      "options": Object {
        "enableComponentDidUpdateOnSetState": true,
        "lifecycles": Object {
          "componentDidUpdate": Object {
            "onSetState": true,
          },
          "getDerivedStateFromProps": true,
          "getSnapshotBeforeUpdate": true,
          "setState": Object {
            "skipsComponentDidUpdateOnNullish": true,
          },
        },
      },
    },
  },
}
`;
