// Jest Snapshot v1, https://goo.gl/fbAQLP

exports[`ListInfo component test Matches snapshot 1`] = `
<section
  className="Current"
>
  <div
    className="element"
  >
    <div>
      Temperatura odczuwalna
    </div>
    <div>
      6.5
      <span>
        °C
      </span>
    </div>
  </div>
  <div
    className="element"
  >
    <div>
      Punkt rosy
    </div>
    <div>
      8.4
      <span>
        °C
      </span>
    </div>
  </div>
  <div
    className="element"
  >
    <div>
      Ciśnienie
    </div>
    <div>
      1009.9
      <span>
        hPa
      </span>
    </div>
  </div>
  <div
    className="element"
  >
    <div>
      Wiatr w porywach
    </div>
    <div>
      10.7
      <span>
        m/s
      </span>
    </div>
  </div>
  <div
    className="element"
  >
    <div>
      Intensywność opadu
    </div>
    <div>
      0
      <span>
        mm/h
      </span>
    </div>
  </div>
  <div
    className="element"
  >
    <div>
      Widoczność
    </div>
    <div>
      16
      <span>
        km
      </span>
    </div>
  </div>
  <div
    className="element"
  >
    <div>
      Indeks UV
    </div>
    <div>
      0
    </div>
  </div>
  <div
    className="element"
  >
    <div>
      Faza księżyca
    </div>
    <div>
      Pełnia
    </div>
  </div>
  <div
    className="element"
  >
    <div>
      Ozon
    </div>
    <div>
      290.5
      <span>
        DU
      </span>
    </div>
  </div>
</section>
`;
