// Jest Snapshot v1, https://goo.gl/fbAQLP

exports[`Main Info component tests Matches snapshot 1`] = `
<section
  className="MainInfo"
>
  <div
    className="weather"
  >
    <div
      className="city"
    >
      Plock
    </div>
    <div
      className="icon"
    >
      <Icon
        icon="partly-cloudy-night"
        title="Ikona pogody"
        viewBox="0 0 100 100"
      />
    </div>
    <div
      className="temperature"
    >
      9.3
      <span>
        °C
      </span>
    </div>
  </div>
  <div
    className="timeInfo"
  >
    <div
      className="date"
    >
      <span
        className="hidden"
      >
        Data
         
      </span>
      Poniedziałek
       
      1.1
    </div>
    <div
      className="sunContainer"
    >
      <div
        className="sun"
      >
        <span
          className="hidden"
        >
          Wschód słońca
        </span>
        <Icon
          icon="sunrise"
          title="Słońce"
          viewBox="0 0 100 100"
        />
        <span>
          01:16
        </span>
      </div>
      <div
        className="sun"
      >
        <span
          className="hidden"
        >
          Zachód słońca
        </span>
        <Icon
          icon="sunset"
          title="Słońce"
          viewBox="0 0 100 100"
        />
        <span>
          01:16
        </span>
      </div>
    </div>
  </div>
  <Summary>
    Średnie zachmurzenie
  </Summary>
</section>
`;
