// Jest Snapshot v1, https://goo.gl/fbAQLP

exports[`MobileMenu test Matches snapshot 1`] = `
<div
  className="MobileMenu"
>
  <button
    className="setting"
    onClick={[MockFunction]}
    type="button"
  >
    <span
      className="hidden"
    >
      Szukaj
    </span>
    <Icon
      icon="search"
      title=""
      viewBox="0 0 50 50"
    />
    <span>
      Szukaj
    </span>
  </button>
  <button
    className="active setting"
    onClick={[MockFunction]}
    type="button"
  >
    <span
      className="hidden"
    >
      Pogoda
    </span>
    <Icon
      icon="sun"
      title=""
      viewBox="0 0 50 50"
    />
    <span>
      Pogoda
    </span>
  </button>
  <button
    className="setting"
    onClick={[MockFunction]}
    type="button"
  >
    <span
      className="hidden"
    />
    <Icon
      icon="settings"
      title=""
      viewBox="0 0 50 50"
    />
    <span>
      Ustawienia
    </span>
  </button>
</div>
`;
