// Jest Snapshot v1, https://goo.gl/fbAQLP

exports[`SearchDesktop component tests Matches snapshot 1`] = `
<div
  className="Search"
>
  <form
    className="form"
    onSubmit={[MockFunction]}
  >
    <input
      className="input"
      onChange={[MockFunction]}
      placeholder="Szukaj lokalizacji"
      type="text"
      value=""
    />
    <button
      className="button formButton"
      type="submit"
    >
      <span
        className="hidden"
      >
        Szukaj
      </span>
      <Icon
        icon="search"
        title=""
        viewBox="0 0 50 50"
      />
      <span>
        Szukaj
      </span>
    </button>
  </form>
  <button
    className="button buttonGeo"
    onClick={[MockFunction]}
    type="button"
  >
    <span
      className="hidden"
    >
      Geolokalizacja
    </span>
    <Icon
      icon="gpsArrow"
      title=""
      viewBox="0 0 51.636 51.636"
    />
    <span>
      Geo
    </span>
  </button>
  <button
    className="button buttonSettings"
    onClick={[MockFunction]}
    type="button"
  >
    <span
      className="hidden"
    >
      Ustawienia
    </span>
    <Icon
      icon="settings"
      title=""
      viewBox="0 0 50 50"
    />
    <span>
      Ustawienia
    </span>
  </button>
</div>
`;
