// Jest Snapshot v1, https://goo.gl/fbAQLP

exports[`Search component tests Matches snapshot 1`] = `
<div
  className="mobileOnly"
>
  <Backdrop
    hideBackdrop={[MockFunction]}
    showBackdrop={true}
  />
  <div
    className="Search"
    id="Search"
    style={
      Object {
        "opacity": "1",
        "transform": "translateY(0)",
      }
    }
  >
    <form
      className="form"
      onSubmit={[MockFunction]}
    >
      <input
        className="input"
        onChange={[MockFunction]}
        placeholder="Szukaj lokalizacji"
        type="text"
        value=""
      />
      <button
        className="button formButton"
        type="submit"
      >
        <Icon
          icon="search"
          title=""
          viewBox="0 0 50 50"
        />
        <span>
          Szukaj
        </span>
      </button>
    </form>
    <button
      className="button buttonGeo"
      onClick={[MockFunction]}
      type="button"
    >
      <Icon
        icon="gpsArrow"
        title=""
        viewBox="0 0 51.636 51.636"
      />
      <span>
        Geolokalizacja
      </span>
    </button>
  </div>
</div>
`;
