// Jest Snapshot v1, https://goo.gl/fbAQLP

exports[`Search component tests Matches snapshot 1`] = `
ShallowWrapper {
  Symbol(enzyme.__root__): [Circular],
  Symbol(enzyme.__unrendered__): <Search
    getUserLocation={[MockFunction]}
    hideBackdrop={[MockFunction]}
    inputValue=""
    onInputChange={[MockFunction]}
    onSearchFormSubmit={[MockFunction]}
    showBackdrop={true}
    showSearch={true}
    text={
      Object {
        "forecast": "Pogoda",
        "geo": "Geo",
        "geoFull": "Geolokalizacja",
        "icon": "Ikona",
        "inputPlaceholder": "Szukaj lokalizacji",
        "search": "Szukaj",
        "settings": "Ustawienia",
      }
    }
  />,
  Symbol(enzyme.__renderer__): Object {
    "batchedUpdates": [Function],
    "getNode": [Function],
    "render": [Function],
    "simulateError": [Function],
    "simulateEvent": [Function],
    "unmount": [Function],
  },
  Symbol(enzyme.__node__): Object {
    "instance": null,
    "key": undefined,
    "nodeType": "function",
    "props": Object {
      "children": Array [
        <Backdrop
          hideBackdrop={[MockFunction]}
          showBackdrop={true}
        />,
        <div
          className="Search"
          style={
            Object {
              "opacity": "1",
              "transform": "translateY(0)",
            }
          }
        >
          <form
            className="form"
            onSubmit={[MockFunction]}
          >
            <input
              className="input"
              onChange={[MockFunction]}
              placeholder="Szukaj lokalizacji"
              type="text"
              value=""
            />
            <button
              className="button formButton"
              type="submit"
            >
              <Icon
                icon="search"
                title="icon"
                viewBox="0 0 50 50"
              />
              <span>
                Szukaj
              </span>
            </button>
          </form>
          <button
            className="button buttonGeo"
            onClick={[MockFunction]}
            type="button"
          >
            <Icon
              icon="gpsArrow"
              title="icon"
              viewBox="0 0 51.636 51.636"
            />
            <span>
              Geolokalizacja
            </span>
          </button>
        </div>,
      ],
    },
    "ref": null,
    "rendered": Array [
      Object {
        "instance": null,
        "key": undefined,
        "nodeType": "function",
        "props": Object {
          "hideBackdrop": [MockFunction],
          "showBackdrop": true,
        },
        "ref": null,
        "rendered": null,
        "type": [Function],
      },
      Object {
        "instance": null,
        "key": undefined,
        "nodeType": "host",
        "props": Object {
          "children": Array [
            <form
              className="form"
              onSubmit={[MockFunction]}
            >
              <input
                className="input"
                onChange={[MockFunction]}
                placeholder="Szukaj lokalizacji"
                type="text"
                value=""
              />
              <button
                className="button formButton"
                type="submit"
              >
                <Icon
                  icon="search"
                  title="icon"
                  viewBox="0 0 50 50"
                />
                <span>
                  Szukaj
                </span>
              </button>
            </form>,
            <button
              className="button buttonGeo"
              onClick={[MockFunction]}
              type="button"
            >
              <Icon
                icon="gpsArrow"
                title="icon"
                viewBox="0 0 51.636 51.636"
              />
              <span>
                Geolokalizacja
              </span>
            </button>,
          ],
          "className": "Search",
          "style": Object {
            "opacity": "1",
            "transform": "translateY(0)",
          },
        },
        "ref": null,
        "rendered": Array [
          Object {
            "instance": null,
            "key": undefined,
            "nodeType": "host",
            "props": Object {
              "children": Array [
                <input
                  className="input"
                  onChange={[MockFunction]}
                  placeholder="Szukaj lokalizacji"
                  type="text"
                  value=""
                />,
                <button
                  className="button formButton"
                  type="submit"
                >
                  <Icon
                    icon="search"
                    title="icon"
                    viewBox="0 0 50 50"
                  />
                  <span>
                    Szukaj
                  </span>
                </button>,
              ],
              "className": "form",
              "onSubmit": [MockFunction],
            },
            "ref": null,
            "rendered": Array [
              Object {
                "instance": null,
                "key": undefined,
                "nodeType": "host",
                "props": Object {
                  "className": "input",
                  "onChange": [MockFunction],
                  "placeholder": "Szukaj lokalizacji",
                  "type": "text",
                  "value": "",
                },
                "ref": null,
                "rendered": null,
                "type": "input",
              },
              Object {
                "instance": null,
                "key": undefined,
                "nodeType": "host",
                "props": Object {
                  "children": Array [
                    <Icon
                      icon="search"
                      title="icon"
                      viewBox="0 0 50 50"
                    />,
                    <span>
                      Szukaj
                    </span>,
                  ],
                  "className": "button formButton",
                  "type": "submit",
                },
                "ref": null,
                "rendered": Array [
                  Object {
                    "instance": null,
                    "key": undefined,
                    "nodeType": "function",
                    "props": Object {
                      "icon": "search",
                      "title": "icon",
                      "viewBox": "0 0 50 50",
                    },
                    "ref": null,
                    "rendered": null,
                    "type": [Function],
                  },
                  Object {
                    "instance": null,
                    "key": undefined,
                    "nodeType": "host",
                    "props": Object {
                      "children": "Szukaj",
                    },
                    "ref": null,
                    "rendered": "Szukaj",
                    "type": "span",
                  },
                ],
                "type": "button",
              },
            ],
            "type": "form",
          },
          Object {
            "instance": null,
            "key": undefined,
            "nodeType": "host",
            "props": Object {
              "children": Array [
                <Icon
                  icon="gpsArrow"
                  title="icon"
                  viewBox="0 0 51.636 51.636"
                />,
                <span>
                  Geolokalizacja
                </span>,
              ],
              "className": "button buttonGeo",
              "onClick": [MockFunction],
              "type": "button",
            },
            "ref": null,
            "rendered": Array [
              Object {
                "instance": null,
                "key": undefined,
                "nodeType": "function",
                "props": Object {
                  "icon": "gpsArrow",
                  "title": "icon",
                  "viewBox": "0 0 51.636 51.636",
                },
                "ref": null,
                "rendered": null,
                "type": [Function],
              },
              Object {
                "instance": null,
                "key": undefined,
                "nodeType": "host",
                "props": Object {
                  "children": "Geolokalizacja",
                },
                "ref": null,
                "rendered": "Geolokalizacja",
                "type": "span",
              },
            ],
            "type": "button",
          },
        ],
        "type": "div",
      },
    ],
    "type": Symbol(react.fragment),
  },
  Symbol(enzyme.__nodes__): Array [
    Object {
      "instance": null,
      "key": undefined,
      "nodeType": "function",
      "props": Object {
        "children": Array [
          <Backdrop
            hideBackdrop={[MockFunction]}
            showBackdrop={true}
          />,
          <div
            className="Search"
            style={
              Object {
                "opacity": "1",
                "transform": "translateY(0)",
              }
            }
          >
            <form
              className="form"
              onSubmit={[MockFunction]}
            >
              <input
                className="input"
                onChange={[MockFunction]}
                placeholder="Szukaj lokalizacji"
                type="text"
                value=""
              />
              <button
                className="button formButton"
                type="submit"
              >
                <Icon
                  icon="search"
                  title="icon"
                  viewBox="0 0 50 50"
                />
                <span>
                  Szukaj
                </span>
              </button>
            </form>
            <button
              className="button buttonGeo"
              onClick={[MockFunction]}
              type="button"
            >
              <Icon
                icon="gpsArrow"
                title="icon"
                viewBox="0 0 51.636 51.636"
              />
              <span>
                Geolokalizacja
              </span>
            </button>
          </div>,
        ],
      },
      "ref": null,
      "rendered": Array [
        Object {
          "instance": null,
          "key": undefined,
          "nodeType": "function",
          "props": Object {
            "hideBackdrop": [MockFunction],
            "showBackdrop": true,
          },
          "ref": null,
          "rendered": null,
          "type": [Function],
        },
        Object {
          "instance": null,
          "key": undefined,
          "nodeType": "host",
          "props": Object {
            "children": Array [
              <form
                className="form"
                onSubmit={[MockFunction]}
              >
                <input
                  className="input"
                  onChange={[MockFunction]}
                  placeholder="Szukaj lokalizacji"
                  type="text"
                  value=""
                />
                <button
                  className="button formButton"
                  type="submit"
                >
                  <Icon
                    icon="search"
                    title="icon"
                    viewBox="0 0 50 50"
                  />
                  <span>
                    Szukaj
                  </span>
                </button>
              </form>,
              <button
                className="button buttonGeo"
                onClick={[MockFunction]}
                type="button"
              >
                <Icon
                  icon="gpsArrow"
                  title="icon"
                  viewBox="0 0 51.636 51.636"
                />
                <span>
                  Geolokalizacja
                </span>
              </button>,
            ],
            "className": "Search",
            "style": Object {
              "opacity": "1",
              "transform": "translateY(0)",
            },
          },
          "ref": null,
          "rendered": Array [
            Object {
              "instance": null,
              "key": undefined,
              "nodeType": "host",
              "props": Object {
                "children": Array [
                  <input
                    className="input"
                    onChange={[MockFunction]}
                    placeholder="Szukaj lokalizacji"
                    type="text"
                    value=""
                  />,
                  <button
                    className="button formButton"
                    type="submit"
                  >
                    <Icon
                      icon="search"
                      title="icon"
                      viewBox="0 0 50 50"
                    />
                    <span>
                      Szukaj
                    </span>
                  </button>,
                ],
                "className": "form",
                "onSubmit": [MockFunction],
              },
              "ref": null,
              "rendered": Array [
                Object {
                  "instance": null,
                  "key": undefined,
                  "nodeType": "host",
                  "props": Object {
                    "className": "input",
                    "onChange": [MockFunction],
                    "placeholder": "Szukaj lokalizacji",
                    "type": "text",
                    "value": "",
                  },
                  "ref": null,
                  "rendered": null,
                  "type": "input",
                },
                Object {
                  "instance": null,
                  "key": undefined,
                  "nodeType": "host",
                  "props": Object {
                    "children": Array [
                      <Icon
                        icon="search"
                        title="icon"
                        viewBox="0 0 50 50"
                      />,
                      <span>
                        Szukaj
                      </span>,
                    ],
                    "className": "button formButton",
                    "type": "submit",
                  },
                  "ref": null,
                  "rendered": Array [
                    Object {
                      "instance": null,
                      "key": undefined,
                      "nodeType": "function",
                      "props": Object {
                        "icon": "search",
                        "title": "icon",
                        "viewBox": "0 0 50 50",
                      },
                      "ref": null,
                      "rendered": null,
                      "type": [Function],
                    },
                    Object {
                      "instance": null,
                      "key": undefined,
                      "nodeType": "host",
                      "props": Object {
                        "children": "Szukaj",
                      },
                      "ref": null,
                      "rendered": "Szukaj",
                      "type": "span",
                    },
                  ],
                  "type": "button",
                },
              ],
              "type": "form",
            },
            Object {
              "instance": null,
              "key": undefined,
              "nodeType": "host",
              "props": Object {
                "children": Array [
                  <Icon
                    icon="gpsArrow"
                    title="icon"
                    viewBox="0 0 51.636 51.636"
                  />,
                  <span>
                    Geolokalizacja
                  </span>,
                ],
                "className": "button buttonGeo",
                "onClick": [MockFunction],
                "type": "button",
              },
              "ref": null,
              "rendered": Array [
                Object {
                  "instance": null,
                  "key": undefined,
                  "nodeType": "function",
                  "props": Object {
                    "icon": "gpsArrow",
                    "title": "icon",
                    "viewBox": "0 0 51.636 51.636",
                  },
                  "ref": null,
                  "rendered": null,
                  "type": [Function],
                },
                Object {
                  "instance": null,
                  "key": undefined,
                  "nodeType": "host",
                  "props": Object {
                    "children": "Geolokalizacja",
                  },
                  "ref": null,
                  "rendered": "Geolokalizacja",
                  "type": "span",
                },
              ],
              "type": "button",
            },
          ],
          "type": "div",
        },
      ],
      "type": Symbol(react.fragment),
    },
  ],
  Symbol(enzyme.__options__): Object {
    "adapter": ReactSixteenAdapter {
      "options": Object {
        "enableComponentDidUpdateOnSetState": true,
        "lifecycles": Object {
          "componentDidUpdate": Object {
            "onSetState": true,
          },
          "getDerivedStateFromProps": true,
          "getSnapshotBeforeUpdate": true,
          "setState": Object {
            "skipsComponentDidUpdateOnNullish": true,
          },
        },
      },
    },
  },
}
`;
