// Jest Snapshot v1, https://goo.gl/fbAQLP

exports[`Settings component should render correctly 1`] = `
<Fragment>
  <Backdrop
    hideBackdrop={[MockFunction]}
    showBackdrop={true}
  />
  <div
    className="Settings"
    id="Settings"
    style={
      Object {
        "opacity": "1",
        "transform": "translateY(0)",
      }
    }
  >
    <fieldset
      className="menu"
    >
      <legend>
        Zmień język
      </legend>
      <form
        className="form language"
      >
        <label
          className="label active"
          htmlFor="pl"
          key="pl"
        >
          <input
            checked={true}
            className="radio"
            id="pl"
            name="language"
            onChange={[MockFunction]}
            type="radio"
            value="pl"
          />
          <span
            className="radioButton"
            style={
              Object {
                "opacity": 1,
              }
            }
          >
            <Icon
              icon="checkmark"
              title=""
              viewBox="0 0 50 50"
            />
          </span>
          Polski
        </label>
      </form>
    </fieldset>
    <fieldset
      className="menu"
    >
      <legend>
        Zmień motyw
      </legend>
      <form
        className="form theme"
      >
        <label
          className="label"
          htmlFor="pink"
          key="Pink"
        >
          <input
            checked={false}
            className="radio"
            id="pink"
            name="theme"
            onChange={[MockFunction]}
            type="radio"
            value="pink"
          />
          <span
            className="radioButton"
            style={
              Object {
                "opacity": 0,
              }
            }
          >
            <Icon
              icon="checkmark"
              title=""
              viewBox="0 0 50 50"
            />
          </span>
          Pink
        </label>
        <label
          className="label"
          htmlFor="pinkDark"
          key="Pink Dark"
        >
          <input
            checked={false}
            className="radio"
            id="pinkDark"
            name="theme"
            onChange={[MockFunction]}
            type="radio"
            value="pinkDark"
          />
          <span
            className="radioButton"
            style={
              Object {
                "opacity": 0,
              }
            }
          >
            <Icon
              icon="checkmark"
              title=""
              viewBox="0 0 50 50"
            />
          </span>
          Pink Dark
        </label>
        <label
          className="label"
          htmlFor="pumpkin"
          key="Pumpkin Dark"
        >
          <input
            checked={false}
            className="radio"
            id="pumpkin"
            name="theme"
            onChange={[MockFunction]}
            type="radio"
            value="pumpkin"
          />
          <span
            className="radioButton"
            style={
              Object {
                "opacity": 0,
              }
            }
          >
            <Icon
              icon="checkmark"
              title=""
              viewBox="0 0 50 50"
            />
          </span>
          Pumpkin Dark
        </label>
        <label
          className="label"
          htmlFor="evening"
          key="Evening Dark"
        >
          <input
            checked={false}
            className="radio"
            id="evening"
            name="theme"
            onChange={[MockFunction]}
            type="radio"
            value="evening"
          />
          <span
            className="radioButton"
            style={
              Object {
                "opacity": 0,
              }
            }
          >
            <Icon
              icon="checkmark"
              title=""
              viewBox="0 0 50 50"
            />
          </span>
          Evening Dark
        </label>
        <label
          className="label"
          htmlFor="sky"
          key="Cool Sky"
        >
          <input
            checked={false}
            className="radio"
            id="sky"
            name="theme"
            onChange={[MockFunction]}
            type="radio"
            value="sky"
          />
          <span
            className="radioButton"
            style={
              Object {
                "opacity": 0,
              }
            }
          >
            <Icon
              icon="checkmark"
              title=""
              viewBox="0 0 50 50"
            />
          </span>
          Cool Sky
        </label>
        <label
          className="label"
          htmlFor="harvey"
          key="Harvey"
        >
          <input
            checked={false}
            className="radio"
            id="harvey"
            name="theme"
            onChange={[MockFunction]}
            type="radio"
            value="harvey"
          />
          <span
            className="radioButton"
            style={
              Object {
                "opacity": 0,
              }
            }
          >
            <Icon
              icon="checkmark"
              title=""
              viewBox="0 0 50 50"
            />
          </span>
          Harvey
        </label>
        <label
          className="label"
          htmlFor="spring"
          key="Spring"
        >
          <input
            checked={false}
            className="radio"
            id="spring"
            name="theme"
            onChange={[MockFunction]}
            type="radio"
            value="spring"
          />
          <span
            className="radioButton"
            style={
              Object {
                "opacity": 0,
              }
            }
          >
            <Icon
              icon="checkmark"
              title=""
              viewBox="0 0 50 50"
            />
          </span>
          Spring
        </label>
        <label
          className="label"
          htmlFor="lime"
          key="Lime Dark"
        >
          <input
            checked={false}
            className="radio"
            id="lime"
            name="theme"
            onChange={[MockFunction]}
            type="radio"
            value="lime"
          />
          <span
            className="radioButton"
            style={
              Object {
                "opacity": 0,
              }
            }
          >
            <Icon
              icon="checkmark"
              title=""
              viewBox="0 0 50 50"
            />
          </span>
          Lime Dark
        </label>
        <label
          className="label"
          htmlFor="vampire"
          key="Vampire Dark"
        >
          <input
            checked={false}
            className="radio"
            id="vampire"
            name="theme"
            onChange={[MockFunction]}
            type="radio"
            value="vampire"
          />
          <span
            className="radioButton"
            style={
              Object {
                "opacity": 0,
              }
            }
          >
            <Icon
              icon="checkmark"
              title=""
              viewBox="0 0 50 50"
            />
          </span>
          Vampire Dark
        </label>
      </form>
    </fieldset>
    <fieldset
      className="menu menuUnits"
    >
      <legend>
        Zmień jednostki
      </legend>
      <form
        className="form units"
      >
        <label
          className="label active"
          htmlFor="si"
          key="si"
        >
          <input
            checked={true}
            className="radio"
            id="si"
            name="units"
            onChange={[MockFunction]}
            type="radio"
            value="si"
          />
          <span
            className="radioButton"
            style={
              Object {
                "opacity": 1,
              }
            }
          >
            <Icon
              icon="checkmark"
              title=""
              viewBox="0 0 50 50"
            />
          </span>
          SI
        </label>
        <label
          className="label"
          htmlFor="us"
          key="us"
        >
          <input
            checked={false}
            className="radio"
            id="us"
            name="units"
            onChange={[MockFunction]}
            type="radio"
            value="us"
          />
          <span
            className="radioButton"
            style={
              Object {
                "opacity": 0,
              }
            }
          >
            <Icon
              icon="checkmark"
              title=""
              viewBox="0 0 50 50"
            />
          </span>
          US
        </label>
        <label
          className="label"
          htmlFor="uk2"
          key="uk2"
        >
          <input
            checked={false}
            className="radio"
            id="uk2"
            name="units"
            onChange={[MockFunction]}
            type="radio"
            value="uk2"
          />
          <span
            className="radioButton"
            style={
              Object {
                "opacity": 0,
              }
            }
          >
            <Icon
              icon="checkmark"
              title=""
              viewBox="0 0 50 50"
            />
          </span>
          UK
        </label>
        <label
          className="label"
          htmlFor="ca"
          key="ca"
        >
          <input
            checked={false}
            className="radio"
            id="ca"
            name="units"
            onChange={[MockFunction]}
            type="radio"
            value="ca"
          />
          <span
            className="radioButton"
            style={
              Object {
                "opacity": 0,
              }
            }
          >
            <Icon
              icon="checkmark"
              title=""
              viewBox="0 0 50 50"
            />
          </span>
          CA
        </label>
      </form>
    </fieldset>
    <Footer />
  </div>
</Fragment>
`;
