// Jest Snapshot v1, https://goo.gl/fbAQLP

exports[`Weather container renders component 1`] = `
<Weather
  language="pl"
  location={
    Object {
      "lat": 52.2296756,
      "long": 21.0122287,
    }
  }
  searchValue=""
  setLocationCoordsToState={[MockFunction]}
  text={
    Object {
      "current": Object {
        "appTemp": "Temperatura odczuwalna",
        "cloudCov": "Zachmurzenie",
        "date": "Data",
        "dewPoint": "Punkt rosy",
        "humidity": "Wilgotność",
        "icon": "Ikona pogody",
        "location": "Nieznana lokacja",
        "moon": Array [
          "Nów",
          "Wschodzący sierp",
          "Pierwsza kwadra",
          "Wschodzący księżyc",
          "Pełnia",
          "Ubywający księżyc",
          "Trzecia kwadra",
          "Ubywający sierp",
        ],
        "moonphase": "Faza księżyca",
        "ozone": "Ozon",
        "precipInt": "Intensywność opadu",
        "precipProb": "Opady",
        "precipType": "Rodzaj opadu",
        "pressure": "Ciśnienie",
        "sun": "Słońce",
        "sunrise": "Wschód słońca",
        "sunset": "Zachód słońca",
        "today": "Dziś",
        "uvIndex": "Indeks UV",
        "visibility": "Widoczność",
        "wind": "Wiatr",
        "windGust": "Wiatr w porywach",
      },
      "date": Object {
        "temperature": "Temperatura",
        "temperatureMax": "Temperatura Max.",
        "temperatureMin": "Temperatura Min.",
        "today": "Dziś",
        "weekDay": Array [
          "Niedziela",
          "Poniedziałek",
          "Wtorek",
          "Środa",
          "Czwartek",
          "Piątek",
          "Sobota",
          "Dziś",
        ],
        "weekDayShort": Array [
          "Nie",
          "Pon",
          "Wt",
          "Śr",
          "Czw",
          "Pt",
          "Sob",
        ],
      },
      "hourly": Object {
        "hour": "Godzina",
        "precipProb": "Możliwość Opadów (%)",
        "precipProbShort": "Możliwość Opadów",
        "temperature": "Temperatura",
        "temperatureShort": "Temperatura",
      },
      "id": "pl",
      "layout": Object {
        "forecast": "Pogoda",
        "geo": "Geo",
        "geoFull": "Geolokalizacja",
        "icon": "Ikona",
        "inputPlaceholder": "Szukaj lokalizacji",
        "search": "Szukaj",
        "settings": "Ustawienia",
      },
      "name": "Polski",
      "settings": Object {
        "changeLang": "Zmień język",
        "changeTheme": "Zmień motyw",
        "changeUnits": "Zmień jednostki",
        "iconName": "Znak wyboru (fajka)",
        "units": Array [
          "SI",
          "US",
          "UK",
          "CA",
        ],
      },
      "update": "Ostatnia aktualizacja: ",
      "welcome": "Szukaj lokalizacji",
    }
  }
  units="si"
/>
`;
